Component: ARM Compiler 5.06 update 5 (build 528) Tool: armlink [4d35e2]

==============================================================================

Section Cross References

    startup_stm32f10x_md.o(RESET) refers to startup_stm32f10x_md.o(STACK) for __initial_sp
    startup_stm32f10x_md.o(RESET) refers to startup_stm32f10x_md.o(.text) for Reset_Handler
    startup_stm32f10x_md.o(RESET) refers to stm32f10x_it.o(i.NMI_Handler) for NMI_Handler
    startup_stm32f10x_md.o(RESET) refers to stm32f10x_it.o(i.HardFault_Handler) for HardFault_Handler
    startup_stm32f10x_md.o(RESET) refers to stm32f10x_it.o(i.MemManage_Handler) for MemManage_Handler
    startup_stm32f10x_md.o(RESET) refers to stm32f10x_it.o(i.BusFault_Handler) for BusFault_Handler
    startup_stm32f10x_md.o(RESET) refers to stm32f10x_it.o(i.UsageFault_Handler) for UsageFault_Handler
    startup_stm32f10x_md.o(RESET) refers to port.o(.emb_text) for SVC_Handler
    startup_stm32f10x_md.o(RESET) refers to stm32f10x_it.o(i.DebugMon_Handler) for DebugMon_Handler
    startup_stm32f10x_md.o(RESET) refers to delay.o(i.SysTick_Handler) for SysTick_Handler
    startup_stm32f10x_md.o(RESET) refers to encoder.o(i.TIM1_UP_IRQHandler) for TIM1_UP_IRQHandler
    startup_stm32f10x_md.o(RESET) refers to encoder.o(i.TIM2_IRQHandler) for TIM2_IRQHandler
    startup_stm32f10x_md.o(RESET) refers to encoder.o(i.TIM4_IRQHandler) for TIM4_IRQHandler
    startup_stm32f10x_md.o(RESET) refers to usartx.o(i.USART1_IRQHandler) for USART1_IRQHandler
    startup_stm32f10x_md.o(.text) refers to system_stm32f10x.o(i.SystemInit) for SystemInit
    startup_stm32f10x_md.o(.text) refers to entry.o(.ARM.Collect$$$$00000000) for __main
    system_stm32f10x.o(i.SetSysClock) refers to system_stm32f10x.o(i.SetSysClockTo72) for SetSysClockTo72
    system_stm32f10x.o(i.SystemCoreClockUpdate) refers to system_stm32f10x.o(.data) for SystemCoreClock
    system_stm32f10x.o(i.SystemInit) refers to system_stm32f10x.o(i.SetSysClock) for SetSysClock
    stm32f10x_adc.o(i.ADC_DeInit) refers to stm32f10x_rcc.o(i.RCC_APB2PeriphResetCmd) for RCC_APB2PeriphResetCmd
    stm32f10x_bkp.o(i.BKP_DeInit) refers to stm32f10x_rcc.o(i.RCC_BackupResetCmd) for RCC_BackupResetCmd
    stm32f10x_can.o(i.CAN_DeInit) refers to stm32f10x_rcc.o(i.RCC_APB1PeriphResetCmd) for RCC_APB1PeriphResetCmd
    stm32f10x_can.o(i.CAN_GetITStatus) refers to stm32f10x_can.o(i.CheckITStatus) for CheckITStatus
    stm32f10x_cec.o(i.CEC_DeInit) refers to stm32f10x_rcc.o(i.RCC_APB1PeriphResetCmd) for RCC_APB1PeriphResetCmd
    stm32f10x_dac.o(i.DAC_DeInit) refers to stm32f10x_rcc.o(i.RCC_APB1PeriphResetCmd) for RCC_APB1PeriphResetCmd
    stm32f10x_flash.o(i.FLASH_EnableWriteProtection) refers to stm32f10x_flash.o(i.FLASH_WaitForLastOperation) for FLASH_WaitForLastOperation
    stm32f10x_flash.o(i.FLASH_EraseAllBank1Pages) refers to stm32f10x_flash.o(i.FLASH_WaitForLastBank1Operation) for FLASH_WaitForLastBank1Operation
    stm32f10x_flash.o(i.FLASH_EraseAllPages) refers to stm32f10x_flash.o(i.FLASH_WaitForLastOperation) for FLASH_WaitForLastOperation
    stm32f10x_flash.o(i.FLASH_EraseOptionBytes) refers to stm32f10x_flash.o(i.FLASH_GetReadOutProtectionStatus) for FLASH_GetReadOutProtectionStatus
    stm32f10x_flash.o(i.FLASH_EraseOptionBytes) refers to stm32f10x_flash.o(i.FLASH_WaitForLastOperation) for FLASH_WaitForLastOperation
    stm32f10x_flash.o(i.FLASH_ErasePage) refers to stm32f10x_flash.o(i.FLASH_WaitForLastOperation) for FLASH_WaitForLastOperation
    stm32f10x_flash.o(i.FLASH_ProgramHalfWord) refers to stm32f10x_flash.o(i.FLASH_WaitForLastOperation) for FLASH_WaitForLastOperation
    stm32f10x_flash.o(i.FLASH_ProgramOptionByteData) refers to stm32f10x_flash.o(i.FLASH_WaitForLastOperation) for FLASH_WaitForLastOperation
    stm32f10x_flash.o(i.FLASH_ProgramWord) refers to stm32f10x_flash.o(i.FLASH_WaitForLastOperation) for FLASH_WaitForLastOperation
    stm32f10x_flash.o(i.FLASH_ReadOutProtection) refers to stm32f10x_flash.o(i.FLASH_WaitForLastOperation) for FLASH_WaitForLastOperation
    stm32f10x_flash.o(i.FLASH_UserOptionByteConfig) refers to stm32f10x_flash.o(i.FLASH_WaitForLastOperation) for FLASH_WaitForLastOperation
    stm32f10x_flash.o(i.FLASH_WaitForLastBank1Operation) refers to stm32f10x_flash.o(i.FLASH_GetBank1Status) for FLASH_GetBank1Status
    stm32f10x_flash.o(i.FLASH_WaitForLastOperation) refers to stm32f10x_flash.o(i.FLASH_GetBank1Status) for FLASH_GetBank1Status
    stm32f10x_gpio.o(i.GPIO_AFIODeInit) refers to stm32f10x_rcc.o(i.RCC_APB2PeriphResetCmd) for RCC_APB2PeriphResetCmd
    stm32f10x_gpio.o(i.GPIO_DeInit) refers to stm32f10x_rcc.o(i.RCC_APB2PeriphResetCmd) for RCC_APB2PeriphResetCmd
    stm32f10x_i2c.o(i.I2C_DeInit) refers to stm32f10x_rcc.o(i.RCC_APB1PeriphResetCmd) for RCC_APB1PeriphResetCmd
    stm32f10x_i2c.o(i.I2C_Init) refers to stm32f10x_rcc.o(i.RCC_GetClocksFreq) for RCC_GetClocksFreq
[...]
    i.TI4_Config                             0x080022dc   Section        0  stm32f10x_tim.o(i.TI4_Config)
    TI4_Config                               0x080022dd   Thumb Code   130  stm32f10x_tim.o(i.TI4_Config)
    i.TIM1_UP_IRQHandler                     0x08002374   Section        0  encoder.o(i.TIM1_UP_IRQHandler)
    i.TIM2_IRQHandler                        0x0800238c   Section        0  encoder.o(i.TIM2_IRQHandler)
    i.TIM4_IRQHandler                        0x080023a4   Section        0  encoder.o(i.TIM4_IRQHandler)
    i.TIM_ARRPreloadConfig                   0x080023bc   Section        0  stm32f10x_tim.o(i.TIM_ARRPreloadConfig)
    i.TIM_ClearFlag                          0x080023d4   Section        0  stm32f10x_tim.o(i.TIM_ClearFlag)
    i.TIM_Cmd                                0x080023da   Section        0  stm32f10x_tim.o(i.TIM_Cmd)
    i.TIM_CtrlPWMOutputs                     0x080023f2   Section        0  stm32f10x_tim.o(i.TIM_CtrlPWMOutputs)
    i.TIM_DeInit                             0x08002410   Section        0  stm32f10x_tim.o(i.TIM_DeInit)
    i.TIM_EncoderInterfaceConfig             0x080025f8   Section        0  stm32f10x_tim.o(i.TIM_EncoderInterfaceConfig)
    i.TIM_ICInit                             0x0800263c   Section        0  stm32f10x_tim.o(i.TIM_ICInit)
    i.TIM_ICStructInit                       0x080026e8   Section        0  stm32f10x_tim.o(i.TIM_ICStructInit)
    i.TIM_ITConfig                           0x080026fa   Section        0  stm32f10x_tim.o(i.TIM_ITConfig)
    i.TIM_OC2Init                            0x0800270c   Section        0  stm32f10x_tim.o(i.TIM_OC2Init)
    i.TIM_OC2PreloadConfig                   0x080027b0   Section        0  stm32f10x_tim.o(i.TIM_OC2PreloadConfig)
    i.TIM_OC3Init                            0x080027cc   Section        0  stm32f10x_tim.o(i.TIM_OC3Init)
    i.TIM_OC3PreloadConfig                   0x0800286c   Section        0  stm32f10x_tim.o(i.TIM_OC3PreloadConfig)
    i.TIM_OC4Init                            0x08002880   Section        0  stm32f10x_tim.o(i.TIM_OC4Init)
    i.TIM_OC4PreloadConfig                   0x080028fc   Section        0  stm32f10x_tim.o(i.TIM_OC4PreloadConfig)
    i.TIM_SetCompare2                        0x08002916   Section        0  stm32f10x_tim.o(i.TIM_SetCompare2)
    i.TIM_SetCompare3                        0x0800291a   Section        0  stm32f10x_tim.o(i.TIM_SetCompare3)
    i.TIM_SetCompare4                        0x0800291e   Section        0  stm32f10x_tim.o(i.TIM_SetCompare4)
    i.TIM_SetCounter                         0x08002924   Section        0  stm32f10x_tim.o(i.TIM_SetCounter)
    i.TIM_SetIC1Prescaler                    0x08002928   Section        0  stm32f10x_tim.o(i.TIM_SetIC1Prescaler)
    i.TIM_SetIC2Prescaler                    0x0800293a   Section        0  stm32f10x_tim.o(i.TIM_SetIC2Prescaler)
    i.TIM_SetIC3Prescaler                    0x08002954   Section        0  stm32f10x_tim.o(i.TIM_SetIC3Prescaler)
    i.TIM_SetIC4Prescaler                    0x08002966   Section        0  stm32f10x_tim.o(i.TIM_SetIC4Prescaler)
    i.TIM_TimeBaseInit                       0x08002980   Section        0  stm32f10x_tim.o(i.TIM_TimeBaseInit)
    i.TIM_TimeBaseStructInit                 0x08002a24   Section        0  stm32f10x_tim.o(i.TIM_TimeBaseStructInit)
    i.USART1_IRQHandler                      0x08002a38   Section        0  usartx.o(i.USART1_IRQHandler)
    i.USART1_SEND                            0x08002af8   Section        0  usartx.o(i.USART1_SEND)
    i.USART_Cmd                              0x08002b18   Section        0  stm32f10x_usart.o(i.USART_Cmd)
    i.USART_GetITStatus                      0x08002b30   Section        0  stm32f10x_usart.o(i.USART_GetITStatus)
    i.USART_ITConfig                         0x08002b84   Section        0  stm32f10x_usart.o(i.USART_ITConfig)
    i.USART_Init                             0x08002bd0   Section        0  stm32f10x_usart.o(i.USART_Init)
    i.USART_ReceiveData                      0x08002ca8   Section        0  stm32f10x_usart.o(i.USART_ReceiveData)
    i.UsageFault_Handler                     0x08002cb2   Section        0  stm32f10x_it.o(i.UsageFault_Handler)
    i.XYZ_Target_Speed_transition            0x08002cb8   Section        0  usartx.o(i.XYZ_Target_Speed_transition)
    i.__0printf$3                            0x08002d18   Section        0  printf3.o(i.__0printf$3)
    i.__scatterload_copy                     0x08002d38   Section       14  handlers.o(i.__scatterload_copy)
    i.__scatterload_null                     0x08002d46   Section        2  handlers.o(i.__scatterload_null)
    i.__scatterload_zeroinit                 0x08002d48   Section       14  handlers.o(i.__scatterload_zeroinit)
    i.__set_errno                            0x08002d58   Section        0  errno.o(i.__set_errno)
    i._printf_core                           0x08002d64   Section        0  printf3.o(i._printf_core)
    _printf_core                             0x08002d65   Thumb Code   436  printf3.o(i._printf_core)
    i.data_task                              0x08002f1c   Section        0  usartx.o(i.data_task)
    i.data_transition                        0x08002f3c   Section        0  usartx.o(i.data_transition)
    i.delay_init                             0x08003178   Section        0  delay.o(i.delay_init)
    i.delay_ms                               0x080031d4   Section        0  delay.o(i.delay_ms)
    i.delay_us                               0x08003214   Section        0  delay.o(i.delay_us)
    i.fputc                                  0x0800325c   Section        0  usart.o(i.fputc)
    i.getSysTickCnt                          0x08003278   Section        0  delay.o(i.getSysTickCnt)
    i.main                                   0x08003294   Section        0  main.o(i.main)
    i.myabs                                  0x080032cc   Section        0  control.o(i.myabs)
    i.prvAddCurrentTaskToDelayedList         0x080032dc   Section        0  tasks.o(i.prvAddCurrentTaskToDelayedList)
    prvAddCurrentTaskToDelayedList           0x080032dd   Thumb Code   164  tasks.o(i.prvAddCurrentTaskToDelayedList)
    i.prvAddNewTaskToReadyList               0x0800339c   Section        0  tasks.o(i.prvAddNewTaskToReadyList)
    prvAddNewTaskToReadyList                 0x0800339d   Thumb Code   206  tasks.o(i.prvAddNewTaskToReadyList)
    i.prvCheckForValidListAndQueue           0x08003488   Section        0  timers.o(i.prvCheckForValidListAndQueue)
    prvCheckForValidListAndQueue             0x08003489   Thumb Code    72  timers.o(i.prvCheckForValidListAndQueue)
    i.prvCheckTasksWaitingTermination        0x080034ec   Section        0  tasks.o(i.prvCheckTasksWaitingTermination)
    prvCheckTasksWaitingTermination          0x080034ed   Thumb Code    60  tasks.o(i.prvCheckTasksWaitingTermination)
    i.prvCopyDataFromQueue                   0x08003534   Section        0  queue.o(i.prvCopyDataFromQueue)
    prvCopyDataFromQueue                     0x08003535   Thumb Code    42  queue.o(i.prvCopyDataFromQueue)
    i.prvCopyDataToQueue                     0x0800355e   Section        0  queue.o(i.prvCopyDataToQueue)
    prvCopyDataToQueue                       0x0800355f   Thumb Code   126  queue.o(i.prvCopyDataToQueue)
    i.prvDeleteTCB                           0x080035dc   Section        0  tasks.o(i.prvDeleteTCB)
    prvDeleteTCB                             0x080035dd   Thumb Code    18  tasks.o(i.prvDeleteTCB)
    i.prvGetNextExpireTime                   0x080035f0   Section        0  timers.o(i.prvGetNextExpireTime)
    prvGetNextExpireTime                     0x080035f1   Thumb Code    36  timers.o(i.prvGetNextExpireTime)
    i.prvHeapInit                            0x08003618   Section        0  heap_4.o(i.prvHeapInit)
    prvHeapInit                              0x08003619   Thumb Code    90  heap_4.o(i.prvHeapInit)
    i.prvIdleTask                            0x08003688   Section        0  tasks.o(i.prvIdleTask)
    prvIdleTask                              0x08003689   Thumb Code    32  tasks.o(i.prvIdleTask)
    i.prvInitialiseNewQueue                  0x080036b0   Section        0  queue.o(i.prvInitialiseNewQueue)
    prvInitialiseNewQueue                    0x080036b1   Thumb Code    46  queue.o(i.prvInitialiseNewQueue)
    i.prvInitialiseNewTask                   0x080036e0   Section        0  tasks.o(i.prvInitialiseNewTask)
    prvInitialiseNewTask                     0x080036e1   Thumb Code   184  tasks.o(i.prvInitialiseNewTask)
    i.prvInitialiseTaskLists                 0x080037c0   Section        0  tasks.o(i.prvInitialiseTaskLists)
    prvInitialiseTaskLists                   0x080037c1   Thumb Code    70  tasks.o(i.prvInitialiseTaskLists)
    i.prvInsertBlockIntoFreeList             0x08003828   Section        0  heap_4.o(i.prvInsertBlockIntoFreeList)
    prvInsertBlockIntoFreeList               0x08003829   Thumb Code    96  heap_4.o(i.prvInsertBlockIntoFreeList)
    i.prvInsertTimerInActiveList             0x08003890   Section        0  timers.o(i.prvInsertTimerInActiveList)
    prvInsertTimerInActiveList               0x08003891   Thumb Code    80  timers.o(i.prvInsertTimerInActiveList)
    i.prvIsQueueEmpty                        0x080038e8   Section        0  queue.o(i.prvIsQueueEmpty)
    prvIsQueueEmpty                          0x080038e9   Thumb Code    26  queue.o(i.prvIsQueueEmpty)
    i.prvNotifyQueueSetContainer             0x08003904   Section        0  queue.o(i.prvNotifyQueueSetContainer)
    prvNotifyQueueSetContainer               0x08003905   Thumb Code   154  queue.o(i.prvNotifyQueueSetContainer)
    i.prvProcessExpiredTimer                 0x080039c8   Section        0  timers.o(i.prvProcessExpiredTimer)
    prvProcessExpiredTimer                   0x080039c9   Thumb Code    62  timers.o(i.prvProcessExpiredTimer)
    i.prvProcessReceivedCommands             0x08003a0c   Section        0  timers.o(i.prvProcessReceivedCommands)
    prvProcessReceivedCommands               0x08003a0d   Thumb Code   306  timers.o(i.prvProcessReceivedCommands)
    i.prvProcessTimerOrBlockTask             0x08003b6c   Section        0  timers.o(i.prvProcessTimerOrBlockTask)
    prvProcessTimerOrBlockTask               0x08003b6d   Thumb Code   102  timers.o(i.prvProcessTimerOrBlockTask)
    i.prvReloadTimer                         0x08003be0   Section        0  timers.o(i.prvReloadTimer)
    prvReloadTimer                           0x08003be1   Thumb Code    40  timers.o(i.prvReloadTimer)
    i.prvResetNextTaskUnblockTime            0x08003c08   Section        0  tasks.o(i.prvResetNextTaskUnblockTime)
    prvResetNextTaskUnblockTime              0x08003c09   Thumb Code    40  tasks.o(i.prvResetNextTaskUnblockTime)
    i.prvSampleTimeNow                       0x08003c38   Section        0  timers.o(i.prvSampleTimeNow)
    prvSampleTimeNow                         0x08003c39   Thumb Code    40  timers.o(i.prvSampleTimeNow)
    i.prvSwitchTimerLists                    0x08003c64   Section        0  timers.o(i.prvSwitchTimerLists)
    prvSwitchTimerLists                      0x08003c65   Thumb Code    58  timers.o(i.prvSwitchTimerLists)
    i.prvTaskExitError                       0x08003ca8   Section        0  port.o(i.prvTaskExitError)
    prvTaskExitError                         0x08003ca9   Thumb Code    48  port.o(i.prvTaskExitError)
    i.prvTimerTask                           0x08003d04   Section        0  timers.o(i.prvTimerTask)
    prvTimerTask                             0x08003d05   Thumb Code    26  timers.o(i.prvTimerTask)
    i.prvUnlockQueue                         0x08003d1e   Section        0  queue.o(i.prvUnlockQueue)
    prvUnlockQueue                           0x08003d1f   Thumb Code   144  queue.o(i.prvUnlockQueue)
    i.pvPortMalloc                           0x08003db0   Section        0  heap_4.o(i.pvPortMalloc)
    i.pxPortInitialiseStack                  0x08003ef0   Section        0  port.o(i.pxPortInitialiseStack)
    i.sqrt                                   0x08003f14   Section        0  sqrt.o(i.sqrt)
    i.start_task                             0x08003f60   Section        0  main.o(i.start_task)
    i.systemInit                             0x08003ff0   Section        0  config.o(i.systemInit)
    i.target_limit_float                     0x0800404c   Section        0  control.o(i.target_limit_float)
    i.uart1_init                             0x08004074   Section        0  usartx.o(i.uart1_init)
    i.usart1_send                            0x0800411c   Section        0  usartx.o(i.usart1_send)
    i.uxListRemove                           0x08004138   Section        0  list.o(i.uxListRemove)
    i.uxTaskGetNumberOfTasks                 0x08004160   Section        0  tasks.o(i.uxTaskGetNumberOfTasks)
    i.vListInitialise                        0x0800416c   Section        0  list.o(i.vListInitialise)
    i.vListInitialiseItem                    0x08004186   Section        0  list.o(i.vListInitialiseItem)
    i.vListInsert                            0x0800418c   Section        0  list.o(i.vListInsert)
    i.vListInsertEnd                         0x080041c0   Section        0  list.o(i.vListInsertEnd)
    i.vPortEnterCritical                     0x080041d8   Section        0  port.o(i.vPortEnterCritical)
    i.vPortExitCritical                      0x0800424c   Section        0  port.o(i.vPortExitCritical)
    i.vPortFree                              0x080042a8   Section        0  heap_4.o(i.vPortFree)
    i.vPortSetupTimerInterrupt               0x08004348   Section        0  port.o(i.vPortSetupTimerInterrupt)
    i.vQueueAddToRegistry                    0x08004370   Section        0  queue.o(i.vQueueAddToRegistry)
    i.vQueueWaitForMessageRestricted         0x080043f0   Section        0  queue.o(i.vQueueWaitForMessageRestricted)
    i.vTaskDelay                             0x0800443c   Section        0  tasks.o(i.vTaskDelay)
    i.vTaskDelete                            0x080044b4   Section        0  tasks.o(i.vTaskDelete)
    i.vTaskInternalSetTimeOutState           0x080045cc   Section        0  tasks.o(i.vTaskInternalSetTimeOutState)
    i.vTaskMissedYield                       0x080045e4   Section        0  tasks.o(i.vTaskMissedYield)
    i.vTaskPlaceOnEventList                  0x080045f0   Section        0  tasks.o(i.vTaskPlaceOnEventList)
    i.vTaskPlaceOnEventListRestricted        0x08004648   Section        0  tasks.o(i.vTaskPlaceOnEventListRestricted)
    i.vTaskStartScheduler                    0x080046c8   Section        0  tasks.o(i.vTaskStartScheduler)
    i.vTaskSuspendAll                        0x08004780   Section        0  tasks.o(i.vTaskSuspendAll)
    i.vTaskSwitchContext                     0x08004790   Section        0  tasks.o(i.vTaskSwitchContext)
    i.xPortStartScheduler                    0x0800483c   Section        0  port.o(i.xPortStartScheduler)
    i.xPortSysTickHandler                    0x08004968   Section        0  port.o(i.xPortSysTickHandler)
    i.xQueueGenericCreate                    0x0800499c   Section        0  queue.o(i.xQueueGenericCreate)
    i.xQueueGenericReset                     0x08004a20   Section        0  queue.o(i.xQueueGenericReset)
    i.xQueueReceive                          0x08004b10   Section        0  queue.o(i.xQueueReceive)
    i.xTaskCheckForTimeOut                   0x08004c84   Section        0  tasks.o(i.xTaskCheckForTimeOut)
    i.xTaskCreate                            0x08004d28   Section        0  tasks.o(i.xTaskCreate)
    i.xTaskDelayUntil                        0x08004d90   Section        0  tasks.o(i.xTaskDelayUntil)
    i.xTaskGetSchedulerState                 0x08004e70   Section        0  tasks.o(i.xTaskGetSchedulerState)
    i.xTaskGetTickCount                      0x08004e90   Section        0  tasks.o(i.xTaskGetTickCount)
    i.xTaskIncrementTick                     0x08004e9c   Section        0  tasks.o(i.xTaskIncrementTick)
    i.xTaskPriorityDisinherit                0x08005074   Section        0  tasks.o(i.xTaskPriorityDisinherit)
    i.xTaskRemoveFromEventList               0x08005178   Section        0  tasks.o(i.xTaskRemoveFromEventList)
    i.xTaskResumeAll                         0x080052b8   Section        0  tasks.o(i.xTaskResumeAll)
    i.xTimerCreateTimerTask                  0x0800544c   Section        0  timers.o(i.xTimerCreateTimerTask)
    .data                                    0x20000000   Section       20  system_stm32f10x.o(.data)
    .data                                    0x20000014   Section       20  stm32f10x_rcc.o(.data)
    APBAHBPrescTable                         0x20000014   Data          16  stm32f10x_rcc.o(.data)
    ADCPrescTable                            0x20000024   Data           4  stm32f10x_rcc.o(.data)
    .data                                    0x20000028   Section       28  heap_4.o(.data)
    xStart                                   0x20000028   Data           8  heap_4.o(.data)
    pxEnd                                    0x20000030   Data           4  heap_4.o(.data)
    xFreeBytesRemaining                      0x20000034   Data           4  heap_4.o(.data)
    xMinimumEverFreeBytesRemaining           0x20000038   Data           4  heap_4.o(.data)
    xNumberOfSuccessfulAllocations           0x2000003c   Data           4  heap_4.o(.data)
    xNumberOfSuccessfulFrees                 0x20000040   Data           4  heap_4.o(.data)
    .data                                    0x20000044   Section       12  port.o(.data)
    uxCriticalNesting                        0x20000044   Data           4  port.o(.data)
    ucMaxSysCallPriority                     0x20000048   Data           1  port.o(.data)
    ulMaxPRIGROUPValue                       0x2000004c   Data           4  port.o(.data)
    .data                                    0x20000050   Section       64  tasks.o(.data)
    pxDelayedTaskList                        0x20000054   Data           4  tasks.o(.data)
    pxOverflowDelayedTaskList                0x20000058   Data           4  tasks.o(.data)
    uxDeletedTasksWaitingCleanUp             0x2000005c   Data           4  tasks.o(.data)
    uxCurrentNumberOfTasks                   0x20000060   Data           4  tasks.o(.data)
    xTickCount                               0x20000064   Data           4  tasks.o(.data)
    uxTopReadyPriority                       0x20000068   Data           4  tasks.o(.data)
    xSchedulerRunning                        0x2000006c   Data           4  tasks.o(.data)
    xPendedTicks                             0x20000070   Data           4  tasks.o(.data)
    xYieldPending                            0x20000074   Data           4  tasks.o(.data)
    xNumOfOverflows                          0x20000078   Data           4  tasks.o(.data)
    uxTaskNumber                             0x2000007c   Data           4  tasks.o(.data)
    xNextTaskUnblockTime                     0x20000080   Data           4  tasks.o(.data)
    xIdleTaskHandle                          0x20000084   Data           4  tasks.o(.data)
    uxSchedulerSuspended                     0x2000008c   Data           4  tasks.o(.data)
    .data                                    0x20000090   Section       20  timers.o(.data)
    pxCurrentTimerList                       0x20000090   Data           4  timers.o(.data)
    pxOverflowTimerList                      0x20000094   Data           4  timers.o(.data)
    xTimerQueue                              0x20000098   Data           4  timers.o(.data)
    xTimerTaskHandle                         0x2000009c   Data           4  timers.o(.data)
    xLastTime                                0x200000a0   Data           4  timers.o(.data)
    .data                                    0x200000a4   Section        8  delay.o(.data)
    fac_us                                   0x200000a4   Data           1  delay.o(.data)
    fac_ms                                   0x200000a6   Data           2  delay.o(.data)
    sysTickCnt                               0x200000a8   Data           4  delay.o(.data)
    .data                                    0x200000ac   Section        6  usart.o(.data)
    .data                                    0x200000b4   Section       36  config.o(.data)
    .data                                    0x200000d8   Section       44  control.o(.data)
    amplitude                                0x200000dc   Data           4  control.o(.data)
    Bias                                     0x200000e0   Data           4  control.o(.data)
    Pwm                                      0x200000e4   Data           4  control.o(.data)
    Last_bias                                0x200000e8   Data           4  control.o(.data)
    Bias                                     0x200000ec   Data           4  control.o(.data)
    Pwm                                      0x200000f0   Data           4  control.o(.data)
    Last_bias                                0x200000f4   Data           4  control.o(.data)
    Bias                                     0x200000f8   Data           4  control.o(.data)
    Pwm                                      0x200000fc   Data           4  control.o(.data)
    Last_bias                                0x20000100   Data           4  control.o(.data)
    .data                                    0x20000104   Section        4  adc.o(.data)
    .data                                    0x20000108   Section       32  mpu6050.o(.data)
    .data                                    0x20000128   Section        1  usartx.o(.data)
    Count                                    0x20000128   Data           1  usartx.o(.data)
    .data                                    0x2000012c   Section        4  main.o(.data)
    .data                                    0x20000130   Section        4  errno.o(.data)
    _errno                                   0x20000130   Data           4  errno.o(.data)
    .bss                                     0x20000134   Section    20480  heap_4.o(.bss)
    ucHeap                                   0x20000134   Data       20480  heap_4.o(.bss)
    .bss                                     0x20005134   Section       64  queue.o(.bss)
    .bss                                     0x20005174   Section      740  tasks.o(.bss)
    pxReadyTasksLists                        0x20005174   Data         640  tasks.o(.bss)
    xDelayedTaskList1                        0x200053f4   Data          20  tasks.o(.bss)
    xDelayedTaskList2                        0x20005408   Data          20  tasks.o(.bss)
    xPendingReadyList                        0x2000541c   Data          20  tasks.o(.bss)
    xTasksWaitingTermination                 0x20005430   Data          20  tasks.o(.bss)
    xSuspendedTaskList                       0x20005444   Data          20  tasks.o(.bss)
    .bss                                     0x20005458   Section       40  timers.o(.bss)
    xActiveTimerList1                        0x20005458   Data          20  timers.o(.bss)
    xActiveTimerList2                        0x2000546c   Data          20  timers.o(.bss)
    .bss                                     0x20005480   Section       60  config.o(.bss)
    .bss                                     0x200054bc   Section       80  usartx.o(.bss)
    .bss                                     0x2000550c   Section       16  robot_init.o(.bss)
    STACK                                    0x20005520   Section     1024  startup_stm32f10x_md.o(STACK)

    Global Symbols

    Symbol Name                              Value     Ov Type        Size  Object(Section)

    BuildAttributes$$THM_ISAv4$P$D$K$B$S$PE$A:L22UL41UL21$X:L11$S22US41US21$IEEE1$IW$USESV6$~STKCKD$USESV7$~SHL$OTIME$ROPI$IEEEJ$EBA8$MICROLIB$REQ8$PRES8$EABIv2 0x00000000   Number         0  anon$$obj.o ABSOLUTE
    __ARM_use_no_argv                        0x00000000   Number         0  main.o ABSOLUTE
    __use_no_errno                           0x00000000   Number         0  useno.o ABSOLUTE
    __use_no_exception_handling              0x00000000   Number         0  useno.o ABSOLUTE
    __use_no_fp                              0x00000000   Number         0  useno.o ABSOLUTE
    __use_no_heap                            0x00000000   Number         0  useno.o ABSOLUTE
    __use_no_heap_region                     0x00000000   Number         0  useno.o ABSOLUTE
    __use_no_semihosting                     0x00000000   Number         0  useno.o ABSOLUTE
    __use_no_semihosting_swi                 0x00000000   Number         0  useno.o ABSOLUTE
    __use_no_signal_handling                 0x00000000   Number         0  useno.o ABSOLUTE
    _printf_a                                0x00000000   Number         0  stubs.o ABSOLUTE
    _printf_c                                0x00000000   Number         0  stubs.o ABSOLUTE
    _printf_charcount                        0x00000000   Number         0  stubs.o ABSOLUTE
    _printf_d                                0x00000000   Number         0  stubs.o ABSOLUTE
    _printf_e                                0x00000000   Number         0  stubs.o ABSOLUTE
    _printf_f                                0x00000000   Number         0  stubs.o ABSOLUTE
    _printf_flags                            0x00000000   Number         0  stubs.o ABSOLUTE
    _printf_fp_dec                           0x00000000   Number         0  stubs.o ABSOLUTE
    _printf_fp_hex                           0x00000000   Number         0  stubs.o ABSOLUTE
    _printf_g                                0x00000000   Number         0  stubs.o ABSOLUTE
    _printf_i                                0x00000000   Number         0  stubs.o ABSOLUTE
    _printf_int_dec                          0x00000000   Number         0  stubs.o ABSOLUTE
    _printf_l                                0x00000000   Number         0  stubs.o ABSOLUTE
    _printf_lc                               0x00000000   Number         0  stubs.o ABSOLUTE
    _printf_ll                               0x00000000   Number         0  stubs.o ABSOLUTE
    _printf_lld                              0x00000000   Number         0  stubs.o ABSOLUTE
    _printf_lli                              0x00000000   Number         0  stubs.o ABSOLUTE
    _printf_llo                              0x00000000   Number         0  stubs.o ABSOLUTE
    _printf_llu                              0x00000000   Number         0  stubs.o ABSOLUTE
    _printf_llx                              0x00000000   Number         0  stubs.o ABSOLUTE
    _printf_longlong_dec                     0x00000000   Number         0  stubs.o ABSOLUTE
    _printf_longlong_hex                     0x00000000   Number         0  stubs.o ABSOLUTE
    _printf_longlong_oct                     0x00000000   Number         0  stubs.o ABSOLUTE
    _printf_ls                               0x00000000   Number         0  stubs.o ABSOLUTE
    _printf_mbtowc                           0x00000000   Number         0  stubs.o ABSOLUTE
    _printf_n                                0x00000000   Number         0  stubs.o ABSOLUTE
    _printf_o                                0x00000000   Number         0  stubs.o ABSOLUTE
    _printf_p                                0x00000000   Number         0  stubs.o ABSOLUTE
    _printf_percent                          0x00000000   Number         0  stubs.o ABSOLUTE
    _printf_pre_padding                      0x00000000   Number         0  stubs.o ABSOLUTE
    _printf_return_value                     0x00000000   Number         0  stubs.o ABSOLUTE
    _printf_s                                0x00000000   Number         0  stubs.o ABSOLUTE
    _printf_sizespec                         0x00000000   Number         0  stubs.o ABSOLUTE
    _printf_str                              0x00000000   Number         0  stubs.o ABSOLUTE
    _printf_truncate_signed                  0x00000000   Number         0  stubs.o ABSOLUTE
    _printf_truncate_unsigned                0x00000000   Number         0  stubs.o ABSOLUTE
    _printf_u                                0x00000000   Number         0  stubs.o ABSOLUTE
    _printf_wc                               0x00000000   Number         0  stubs.o ABSOLUTE
    _printf_wctomb                           0x00000000   Number         0  stubs.o ABSOLUTE
    _printf_widthprec                        0x00000000   Number         0  stubs.o ABSOLUTE
    _printf_x                                0x00000000   Number         0  stubs.o ABSOLUTE
    __cpp_initialize__aeabi_                  - Undefined Weak Reference
    __cxa_finalize                            - Undefined Weak Reference
    _clock_init                               - Undefined Weak Reference
    _microlib_exit                            - Undefined Weak Reference
    __Vectors_Size                           0x000000ec   Number         0  startup_stm32f10x_md.o ABSOLUTE
    __Vectors                                0x08000000   Data           4  startup_stm32f10x_md.o(RESET)
    __Vectors_End                            0x080000ec   Data           0  startup_stm32f10x_md.o(RESET)
    __main                                   0x080000ed   Thumb Code     0  entry.o(.ARM.Collect$$$$00000000)
    _main_stk                                0x080000ed   Thumb Code     0  entry2.o(.ARM.Collect$$$$00000001)
    _main_scatterload                        0x080000f1   Thumb Code     0  entry5.o(.ARM.Collect$$$$00000004)
    __main_after_scatterload                 0x080000f5   Thumb Code     0  entry5.o(.ARM.Collect$$$$00000004)
    _main_clock                              0x080000f5   Thumb Code     0  entry7b.o(.ARM.Collect$$$$00000008)
    _main_cpp_init                           0x080000f5   Thumb Code     0  entry8b.o(.ARM.Collect$$$$0000000A)
    _main_init                               0x080000f5   Thumb Code     0  entry9a.o(.ARM.Collect$$$$0000000B)
    __rt_final_cpp                           0x080000fd   Thumb Code     0  entry10a.o(.ARM.Collect$$$$0000000D)
    __rt_final_exit                          0x080000fd   Thumb Code     0  entry11a.o(.ARM.Collect$$$$0000000F)
    SVC_Handler                              0x08000101   Thumb Code    32  port.o(.emb_text)
    __asm___6_port_c_39a90d8d__prvStartFirstTask 0x08000125   Thumb Code    28  port.o(.emb_text)
    PendSV_Handler                           0x08000145   Thumb Code    72  port.o(.emb_text)
    vPortGetIPSR                             0x08000191   Thumb Code     6  port.o(.emb_text)
    Reset_Handler                            0x08000199   Thumb Code     8  startup_stm32f10x_md.o(.text)
    ADC1_2_IRQHandler                        0x080001b3   Thumb Code     0  startup_stm32f10x_md.o(.text)
    CAN1_RX1_IRQHandler                      0x080001b3   Thumb Code     0  startup_stm32f10x_md.o(.text)
    CAN1_SCE_IRQHandler                      0x080001b3   Thumb Code     0  startup_stm32f10x_md.o(.text)
    DMA1_Channel1_IRQHandler                 0x080001b3   Thumb Code     0  startup_stm32f10x_md.o(.text)
    DMA1_Channel2_IRQHandler                 0x080001b3   Thumb Code     0  startup_stm32f10x_md.o(.text)
    DMA1_Channel3_IRQHandler                 0x080001b3   Thumb Code     0  startup_stm32f10x_md.o(.text)
    DMA1_Channel4_IRQHandler                 0x080001b3   Thumb Code     0  startup_stm32f10x_md.o(.text)
    DMA1_Channel5_IRQHandler                 0x080001b3   Thumb Code     0  startup_stm32f10x_md.o(.text)
    DMA1_Channel6_IRQHandler                 0x080001b3   Thumb Code     0  startup_stm32f10x_md.o(.text)
    DMA1_Channel7_IRQHandler                 0x080001b3   Thumb Code     0  startup_stm32f10x_md.o(.text)
    EXTI0_IRQHandler                         0x080001b3   Thumb Code     0  startup_stm32f10x_md.o(.text)
    EXTI15_10_IRQHandler                     0x080001b3   Thumb Code     0  startup_stm32f10x_md.o(.text)
    EXTI1_IRQHandler                         0x080001b3   Thumb Code     0  startup_stm32f10x_md.o(.text)
    EXTI2_IRQHandler                         0x080001b3   Thumb Code     0  startup_stm32f10x_md.o(.text)
    EXTI3_IRQHandler                         0x080001b3   Thumb Code     0  startup_stm32f10x_md.o(.text)
    EXTI4_IRQHandler                         0x080001b3   Thumb Code     0  startup_stm32f10x_md.o(.text)
    EXTI9_5_IRQHandler                       0x080001b3   Thumb Code     0  startup_stm32f10x_md.o(.text)
    FLASH_IRQHandler                         0x080001b3   Thumb Code     0  startup_stm32f10x_md.o(.text)
    I2C1_ER_IRQHandler                       0x080001b3   Thumb Code     0  startup_stm32f10x_md.o(.text)
    I2C1_EV_IRQHandler                       0x080001b3   Thumb Code     0  startup_stm32f10x_md.o(.text)
    I2C2_ER_IRQHandler                       0x080001b3   Thumb Code     0  startup_stm32f10x_md.o(.text)
    I2C2_EV_IRQHandler                       0x080001b3   Thumb Code     0  startup_stm32f10x_md.o(.text)
    PVD_IRQHandler                           0x080001b3   Thumb Code     0  startup_stm32f10x_md.o(.text)
    RCC_IRQHandler                           0x080001b3   Thumb Code     0  startup_stm32f10x_md.o(.text)
    RTCAlarm_IRQHandler                      0x080001b3   Thumb Code     0  startup_stm32f10x_md.o(.text)
    RTC_IRQHandler                           0x080001b3   Thumb Code     0  startup_stm32f10x_md.o(.text)
    SPI1_IRQHandler                          0x080001b3   Thumb Code     0  startup_stm32f10x_md.o(.text)
    SPI2_IRQHandler                          0x080001b3   Thumb Code     0  startup_stm32f10x_md.o(.text)
    TAMPER_IRQHandler                        0x080001b3   Thumb Code     0  startup_stm32f10x_md.o(.text)
    TIM1_BRK_IRQHandler                      0x080001b3   Thumb Code     0  startup_stm32f10x_md.o(.text)
    TIM1_CC_IRQHandler                       0x080001b3   Thumb Code     0  startup_stm32f10x_md.o(.text)
    TIM1_TRG_COM_IRQHandler                  0x080001b3   Thumb Code     0  startup_stm32f10x_md.o(.text)
    TIM3_IRQHandler                          0x080001b3   Thumb Code     0  startup_stm32f10x_md.o(.text)
    USART2_IRQHandler                        0x080001b3   Thumb Code     0  startup_stm32f10x_md.o(.text)
    USART3_IRQHandler                        0x080001b3   Thumb Code     0  startup_stm32f10x_md.o(.text)
    USBWakeUp_IRQHandler                     0x080001b3   Thumb Code     0  startup_stm32f10x_md.o(.text)
    USB_HP_CAN1_TX_IRQHandler                0x080001b3   Thumb Code     0  startup_stm32f10x_md.o(.text)
    USB_LP_CAN1_RX0_IRQHandler               0x080001b3   Thumb Code     0  startup_stm32f10x_md.o(.text)
    WWDG_IRQHandler                          0x080001b3   Thumb Code     0  startup_stm32f10x_md.o(.text)
    __aeabi_memcpy                           0x080001bd   Thumb Code    36  memcpya.o(.text)
    __aeabi_memcpy4                          0x080001bd   Thumb Code     0  memcpya.o(.text)
    __aeabi_memcpy8                          0x080001bd   Thumb Code     0  memcpya.o(.text)
    __aeabi_memset                           0x080001e1   Thumb Code    14  memseta.o(.text)
    __aeabi_memset4                          0x080001e1   Thumb Code     0  memseta.o(.text)
    __aeabi_memset8                          0x080001e1   Thumb Code     0  memseta.o(.text)
    __aeabi_memclr                           0x080001ef   Thumb Code     4  memseta.o(.text)
    __aeabi_memclr4                          0x080001ef   Thumb Code     0  memseta.o(.text)
    __aeabi_memclr8                          0x080001ef   Thumb Code     0  memseta.o(.text)
    _memset$wrapper                          0x080001f3   Thumb Code    18  memseta.o(.text)
    __aeabi_fadd                             0x08000205   Thumb Code   164  fadd.o(.text)
    __aeabi_fsub                             0x080002a9   Thumb Code     6  fadd.o(.text)
    __aeabi_frsub                            0x080002af   Thumb Code     6  fadd.o(.text)
    __aeabi_fmul                             0x080002b5   Thumb Code   100  fmul.o(.text)
    __aeabi_fdiv                             0x08000319   Thumb Code   124  fdiv.o(.text)
    __aeabi_dadd                             0x08000395   Thumb Code   322  dadd.o(.text)
    __aeabi_dsub                             0x080004d7   Thumb Code     6  dadd.o(.text)
    __aeabi_drsub                            0x080004dd   Thumb Code     6  dadd.o(.text)
    __aeabi_dmul                             0x080004e3   Thumb Code   228  dmul.o(.text)
    __aeabi_ddiv                             0x080005c7   Thumb Code   222  ddiv.o(.text)
    __aeabi_i2f                              0x080006a5   Thumb Code    18  fflti.o(.text)
    __aeabi_i2d                              0x080006b7   Thumb Code    34  dflti.o(.text)
    __aeabi_f2iz                             0x080006d9   Thumb Code    50  ffixi.o(.text)
    __aeabi_d2iz                             0x0800070b   Thumb Code    62  dfixi.o(.text)
    __aeabi_f2d                              0x08000749   Thumb Code    38  f2d.o(.text)
    __aeabi_d2f                              0x0800076f   Thumb Code    56  d2f.o(.text)
    __aeabi_cfcmpeq                          0x080007a9   Thumb Code     0  cfcmple.o(.text)
    __aeabi_cfcmple                          0x080007a9   Thumb Code    20  cfcmple.o(.text)
    __aeabi_cfrcmple                         0x080007bd   Thumb Code    20  cfrcmple.o(.text)
    __aeabi_uidiv                            0x080007d1   Thumb Code     0  uidiv.o(.text)
    __aeabi_uidivmod                         0x080007d1   Thumb Code    44  uidiv.o(.text)
    __aeabi_llsl                             0x080007fd   Thumb Code    30  llshl.o(.text)
    _ll_shift_l                              0x080007fd   Thumb Code     0  llshl.o(.text)
    __aeabi_llsr                             0x0800081b   Thumb Code    32  llushr.o(.text)
    _ll_ushift_r                             0x0800081b   Thumb Code     0  llushr.o(.text)
    __aeabi_lasr                             0x0800083b   Thumb Code    36  llsshr.o(.text)
    _ll_sshift_r                             0x0800083b   Thumb Code     0  llsshr.o(.text)
    __I$use$fp                               0x0800085f   Thumb Code     0  iusefp.o(.text)
    _float_round                             0x0800085f   Thumb Code    18  fepilogue.o(.text)
    _float_epilogue                          0x08000871   Thumb Code    92  fepilogue.o(.text)
    _double_round                            0x080008cd   Thumb Code    30  depilogue.o(.text)
    _double_epilogue                         0x080008eb   Thumb Code   156  depilogue.o(.text)
    _dsqrt                                   0x08000987   Thumb Code   162  dsqrt.o(.text)
    __scatterload                            0x08000a29   Thumb Code    28  init.o(.text)
    __scatterload_rt2                        0x08000a29   Thumb Code     0  init.o(.text)
    __decompress                             0x08000a4d   Thumb Code     0  __dczerorl2.o(.text)
    __decompress1                            0x08000a4d   Thumb Code    86  __dczerorl2.o(.text)
    ADC_Cmd                                  0x08000aa3   Thumb Code    22  stm32f10x_adc.o(i.ADC_Cmd)
    ADC_DeInit                               0x08000ab9   Thumb Code    78  stm32f10x_adc.o(i.ADC_DeInit)
    ADC_GetCalibrationStatus                 0x08000b15   Thumb Code    20  stm32f10x_adc.o(i.ADC_GetCalibrationStatus)
    ADC_GetResetCalibrationStatus            0x08000b29   Thumb Code    20  stm32f10x_adc.o(i.ADC_GetResetCalibrationStatus)
    ADC_Init                                 0x08000b3d   Thumb Code    70  stm32f10x_adc.o(i.ADC_Init)
    ADC_ResetCalibration                     0x08000b8d   Thumb Code    10  stm32f10x_adc.o(i.ADC_ResetCalibration)
    ADC_StartCalibration                     0x08000b97   Thumb Code    10  stm32f10x_adc.o(i.ADC_StartCalibration)
    Adc_Init                                 0x08000ba1   Thumb Code   132  adc.o(i.Adc_Init)
    BusFault_Handler                         0x08000c2d   Thumb Code     4  stm32f10x_it.o(i.BusFault_Handler)
    Check_Sum                                0x08000c31   Thumb Code    52  usartx.o(i.Check_Sum)
    Control_task                             0x08000c6d   Thumb Code   174  control.o(i.Control_task)
    DebugMon_Handler                         0x08000d39   Thumb Code     2  stm32f10x_it.o(i.DebugMon_Handler)
    Drive_Motor                              0x08000d3d   Thumb Code   358  control.o(i.Drive_Motor)
    Encoder_Init_Tim1                        0x08000ebd   Thumb Code   180  encoder.o(i.Encoder_Init_Tim1)
    Encoder_Init_Tim2                        0x08000f7d   Thumb Code   154  encoder.o(i.Encoder_Init_Tim2)
    Encoder_Init_Tim4                        0x0800101d   Thumb Code   172  encoder.o(i.Encoder_Init_Tim4)
    GPIO_Init                                0x080010d1   Thumb Code   278  stm32f10x_gpio.o(i.GPIO_Init)
    GPIO_PinRemapConfig                      0x080011e9   Thumb Code   138  stm32f10x_gpio.o(i.GPIO_PinRemapConfig)
    GPIO_ResetBits                           0x08001279   Thumb Code     4  stm32f10x_gpio.o(i.GPIO_ResetBits)
    GPIO_SetBits                             0x0800127d   Thumb Code     4  stm32f10x_gpio.o(i.GPIO_SetBits)
    Get_Velocity_Form_Encoder                0x08001281   Thumb Code   152  control.o(i.Get_Velocity_Form_Encoder)
    HardFault_Handler                        0x08001331   Thumb Code     4  stm32f10x_it.o(i.HardFault_Handler)
    IIC_Ack                                  0x08001335   Thumb Code    66  ioi2c.o(i.IIC_Ack)
    IIC_Init                                 0x08001385   Thumb Code    40  ioi2c.o(i.IIC_Init)
    IIC_NAck                                 0x080013b1   Thumb Code    66  ioi2c.o(i.IIC_NAck)
    IIC_Read_Byte                            0x08001401   Thumb Code    98  ioi2c.o(i.IIC_Read_Byte)
    IIC_Send_Byte                            0x08001471   Thumb Code    90  ioi2c.o(i.IIC_Send_Byte)
    IIC_Start                                0x080014d9   Thumb Code    64  ioi2c.o(i.IIC_Start)
    IIC_Stop                                 0x08001525   Thumb Code    62  ioi2c.o(i.IIC_Stop)
    IIC_Wait_Ack                             0x08001571   Thumb Code    86  ioi2c.o(i.IIC_Wait_Ack)
    Incremental_PI_A                         0x080015d5   Thumb Code   138  control.o(i.Incremental_PI_A)
    Incremental_PI_B                         0x0800167d   Thumb Code   138  control.o(i.Incremental_PI_B)
    Incremental_PI_C                         0x08001725   Thumb Code   138  control.o(i.Incremental_PI_C)
    MPU6050_Get_Accelerometer                0x080017cd   Thumb Code    72  mpu6050.o(i.MPU6050_Get_Accelerometer)
    MPU6050_Get_Gyroscope                    0x08001815   Thumb Code   204  mpu6050.o(i.MPU6050_Get_Gyroscope)
    MPU6050_Init                             0x080018f1   Thumb Code   118  mpu6050.o(i.MPU6050_Init)
    MPU6050_Read_Byte                        0x08001967   Thumb Code    58  mpu6050.o(i.MPU6050_Read_Byte)
    MPU6050_Read_Len                         0x080019a1   Thumb Code   116  mpu6050.o(i.MPU6050_Read_Len)
    MPU6050_Set_Accel_Fsr                    0x08001a15   Thumb Code    16  mpu6050.o(i.MPU6050_Set_Accel_Fsr)
    MPU6050_Set_Gyro_Fsr                     0x08001a25   Thumb Code    16  mpu6050.o(i.MPU6050_Set_Gyro_Fsr)
    MPU6050_Set_LPF                          0x08001a35   Thumb Code    58  mpu6050.o(i.MPU6050_Set_LPF)
    MPU6050_Set_Rate                         0x08001a6f   Thumb Code    58  mpu6050.o(i.MPU6050_Set_Rate)
    MPU6050_Write_Byte                       0x08001aa9   Thumb Code    68  mpu6050.o(i.MPU6050_Write_Byte)
    MPU6050_task                             0x08001aed   Thumb Code    68  mpu6050.o(i.MPU6050_task)
    MemManage_Handler                        0x08001b41   Thumb Code     4  stm32f10x_it.o(i.MemManage_Handler)
    Motor_Init                               0x08001b45   Thumb Code    40  motor.o(i.Motor_Init)
    NMI_Handler                              0x08001b71   Thumb Code     2  stm32f10x_it.o(i.NMI_Handler)
    NVIC_Init                                0x08001b75   Thumb Code   100  misc.o(i.NVIC_Init)
    NVIC_PriorityGroupConfig                 0x08001be5   Thumb Code    10  misc.o(i.NVIC_PriorityGroupConfig)
    PWM_Init                                 0x08001bf9   Thumb Code   184  motor.o(i.PWM_Init)
    RCC_ADCCLKConfig                         0x08001cbd   Thumb Code    18  stm32f10x_rcc.o(i.RCC_ADCCLKConfig)
    RCC_APB1PeriphClockCmd                   0x08001cd5   Thumb Code    26  stm32f10x_rcc.o(i.RCC_APB1PeriphClockCmd)
    RCC_APB1PeriphResetCmd                   0x08001cf5   Thumb Code    26  stm32f10x_rcc.o(i.RCC_APB1PeriphResetCmd)
    RCC_APB2PeriphClockCmd                   0x08001d15   Thumb Code    26  stm32f10x_rcc.o(i.RCC_APB2PeriphClockCmd)
    RCC_APB2PeriphResetCmd                   0x08001d35   Thumb Code    26  stm32f10x_rcc.o(i.RCC_APB2PeriphResetCmd)
    RCC_GetClocksFreq                        0x08001d55   Thumb Code   192  stm32f10x_rcc.o(i.RCC_GetClocksFreq)
    Read_Encoder_TIM1                        0x08001e29   Thumb Code    24  encoder.o(i.Read_Encoder_TIM1)
    Read_Encoder_TIM2                        0x08001e45   Thumb Code    28  encoder.o(i.Read_Encoder_TIM2)
    Read_Encoder_TIM4                        0x08001e61   Thumb Code    24  encoder.o(i.Read_Encoder_TIM4)
    Robot_Init                               0x08001e7d   Thumb Code    70  robot_init.o(i.Robot_Init)
    SetPWM                                   0x08001ed9   Thumb Code   196  control.o(i.SetPWM)
    SysTick_CLKSourceConfig                  0x0800208d   Thumb Code    40  misc.o(i.SysTick_CLKSourceConfig)
    SysTick_Handler                          0x080020b5   Thumb Code    28  delay.o(i.SysTick_Handler)
    SystemInit                               0x080020d5   Thumb Code    78  system_stm32f10x.o(i.SystemInit)
    TIM1_UP_IRQHandler                       0x08002375   Thumb Code    18  encoder.o(i.TIM1_UP_IRQHandler)
    TIM2_IRQHandler                          0x0800238d   Thumb Code    24  encoder.o(i.TIM2_IRQHandler)
    TIM4_IRQHandler                          0x080023a5   Thumb Code    18  encoder.o(i.TIM4_IRQHandler)
    TIM_ARRPreloadConfig                     0x080023bd   Thumb Code    24  stm32f10x_tim.o(i.TIM_ARRPreloadConfig)
    TIM_ClearFlag                            0x080023d5   Thumb Code     6  stm32f10x_tim.o(i.TIM_ClearFlag)
    TIM_Cmd                                  0x080023db   Thumb Code    24  stm32f10x_tim.o(i.TIM_Cmd)
    TIM_CtrlPWMOutputs                       0x080023f3   Thumb Code    30  stm32f10x_tim.o(i.TIM_CtrlPWMOutputs)
    TIM_DeInit                               0x08002411   Thumb Code   424  stm32f10x_tim.o(i.TIM_DeInit)
    TIM_EncoderInterfaceConfig               0x080025f9   Thumb Code    66  stm32f10x_tim.o(i.TIM_EncoderInterfaceConfig)
    TIM_ICInit                               0x0800263d   Thumb Code   150  stm32f10x_tim.o(i.TIM_ICInit)
    TIM_ICStructInit                         0x080026e9   Thumb Code    18  stm32f10x_tim.o(i.TIM_ICStructInit)
    TIM_ITConfig                             0x080026fb   Thumb Code    18  stm32f10x_tim.o(i.TIM_ITConfig)
    TIM_OC2Init                              0x0800270d   Thumb Code   154  stm32f10x_tim.o(i.TIM_OC2Init)
    TIM_OC2PreloadConfig                     0x080027b1   Thumb Code    26  stm32f10x_tim.o(i.TIM_OC2PreloadConfig)
    TIM_OC3Init                              0x080027cd   Thumb Code   150  stm32f10x_tim.o(i.TIM_OC3Init)
    TIM_OC3PreloadConfig                     0x0800286d   Thumb Code    18  stm32f10x_tim.o(i.TIM_OC3PreloadConfig)
    TIM_OC4Init                              0x08002881   Thumb Code   114  stm32f10x_tim.o(i.TIM_OC4Init)
    TIM_OC4PreloadConfig                     0x080028fd   Thumb Code    26  stm32f10x_tim.o(i.TIM_OC4PreloadConfig)
    TIM_SetCompare2                          0x08002917   Thumb Code     4  stm32f10x_tim.o(i.TIM_SetCompare2)
    TIM_SetCompare3                          0x0800291b   Thumb Code     4  stm32f10x_tim.o(i.TIM_SetCompare3)
    TIM_SetCompare4                          0x0800291f   Thumb Code     6  stm32f10x_tim.o(i.TIM_SetCompare4)
    TIM_SetCounter                           0x08002925   Thumb Code     4  stm32f10x_tim.o(i.TIM_SetCounter)
    TIM_SetIC1Prescaler                      0x08002929   Thumb Code    18  stm32f10x_tim.o(i.TIM_SetIC1Prescaler)
    TIM_SetIC2Prescaler                      0x0800293b   Thumb Code    26  stm32f10x_tim.o(i.TIM_SetIC2Prescaler)
    TIM_SetIC3Prescaler                      0x08002955   Thumb Code    18  stm32f10x_tim.o(i.TIM_SetIC3Prescaler)
    TIM_SetIC4Prescaler                      0x08002967   Thumb Code    26  stm32f10x_tim.o(i.TIM_SetIC4Prescaler)
    TIM_TimeBaseInit                         0x08002981   Thumb Code   122  stm32f10x_tim.o(i.TIM_TimeBaseInit)
    TIM_TimeBaseStructInit                   0x08002a25   Thumb Code    18  stm32f10x_tim.o(i.TIM_TimeBaseStructInit)
    USART1_IRQHandler                        0x08002a39   Thumb Code   162  usartx.o(i.USART1_IRQHandler)
    USART1_SEND                              0x08002af9   Thumb Code    26  usartx.o(i.USART1_SEND)
    USART_Cmd                                0x08002b19   Thumb Code    24  stm32f10x_usart.o(i.USART_Cmd)
    USART_GetITStatus                        0x08002b31   Thumb Code    84  stm32f10x_usart.o(i.USART_GetITStatus)
    USART_ITConfig                           0x08002b85   Thumb Code    74  stm32f10x_usart.o(i.USART_ITConfig)
    USART_Init                               0x08002bd1   Thumb Code   210  stm32f10x_usart.o(i.USART_Init)
    USART_ReceiveData                        0x08002ca9   Thumb Code    10  stm32f10x_usart.o(i.USART_ReceiveData)
    UsageFault_Handler                       0x08002cb3   Thumb Code     4  stm32f10x_it.o(i.UsageFault_Handler)
    XYZ_Target_Speed_transition              0x08002cb9   Thumb Code    88  usartx.o(i.XYZ_Target_Speed_transition)
    __0printf$3                              0x08002d19   Thumb Code    22  printf3.o(i.__0printf$3)
    __1printf$3                              0x08002d19   Thumb Code     0  printf3.o(i.__0printf$3)
    __2printf                                0x08002d19   Thumb Code     0  printf3.o(i.__0printf$3)
    __scatterload_copy                       0x08002d39   Thumb Code    14  handlers.o(i.__scatterload_copy)
    __scatterload_null                       0x08002d47   Thumb Code     2  handlers.o(i.__scatterload_null)
    __scatterload_zeroinit                   0x08002d49   Thumb Code    14  handlers.o(i.__scatterload_zeroinit)
    __set_errno                              0x08002d59   Thumb Code     6  errno.o(i.__set_errno)
    data_task                                0x08002f1d   Thumb Code    32  usartx.o(i.data_task)
    data_transition                          0x08002f3d   Thumb Code   518  usartx.o(i.data_transition)
    delay_init                               0x08003179   Thumb Code    74  delay.o(i.delay_init)
    delay_ms                                 0x080031d5   Thumb Code    60  delay.o(i.delay_ms)
    delay_us                                 0x08003215   Thumb Code    68  delay.o(i.delay_us)
    fputc                                    0x0800325d   Thumb Code    24  usart.o(i.fputc)
    getSysTickCnt                            0x08003279   Thumb Code    22  delay.o(i.getSysTickCnt)
    main                                     0x08003295   Thumb Code    34  main.o(i.main)
    myabs                                    0x080032cd   Thumb Code    14  control.o(i.myabs)
    pvPortMalloc                             0x08003db1   Thumb Code   258  heap_4.o(i.pvPortMalloc)
    pxPortInitialiseStack                    0x08003ef1   Thumb Code    30  port.o(i.pxPortInitialiseStack)
    sqrt                                     0x08003f15   Thumb Code    76  sqrt.o(i.sqrt)
    start_task                               0x08003f61   Thumb Code    84  main.o(i.start_task)
    systemInit                               0x08003ff1   Thumb Code    78  config.o(i.systemInit)
    target_limit_float                       0x0800404d   Thumb Code    40  control.o(i.target_limit_float)
    uart1_init                               0x08004075   Thumb Code   160  usartx.o(i.uart1_init)
    usart1_send                              0x0800411d   Thumb Code    22  usartx.o(i.usart1_send)
    uxListRemove                             0x08004139   Thumb Code    40  list.o(i.uxListRemove)
    uxTaskGetNumberOfTasks                   0x08004161   Thumb Code     6  tasks.o(i.uxTaskGetNumberOfTasks)
    vListInitialise                          0x0800416d   Thumb Code    26  list.o(i.vListInitialise)
    vListInitialiseItem                      0x08004187   Thumb Code     6  list.o(i.vListInitialiseItem)
    vListInsert                              0x0800418d   Thumb Code    52  list.o(i.vListInsert)
    vListInsertEnd                           0x080041c1   Thumb Code    24  list.o(i.vListInsertEnd)
    vPortEnterCritical                       0x080041d9   Thumb Code    68  port.o(i.vPortEnterCritical)
    vPortExitCritical                        0x0800424d   Thumb Code    48  port.o(i.vPortExitCritical)
    vPortFree                                0x080042a9   Thumb Code   112  heap_4.o(i.vPortFree)
    vPortSetupTimerInterrupt                 0x08004349   Thumb Code    36  port.o(i.vPortSetupTimerInterrupt)
    vQueueAddToRegistry                      0x08004371   Thumb Code    84  queue.o(i.vQueueAddToRegistry)
    vQueueWaitForMessageRestricted           0x080043f1   Thumb Code    74  queue.o(i.vQueueWaitForMessageRestricted)
    vTaskDelay                               0x0800443d   Thumb Code    72  tasks.o(i.vTaskDelay)
    vTaskDelete                              0x080044b5   Thumb Code   200  tasks.o(i.vTaskDelete)
    vTaskInternalSetTimeOutState             0x080045cd   Thumb Code    14  tasks.o(i.vTaskInternalSetTimeOutState)
    vTaskMissedYield                         0x080045e5   Thumb Code     8  tasks.o(i.vTaskMissedYield)
    vTaskPlaceOnEventList                    0x080045f1   Thumb Code    42  tasks.o(i.vTaskPlaceOnEventList)
    vTaskPlaceOnEventListRestricted          0x08004649   Thumb Code    84  tasks.o(i.vTaskPlaceOnEventListRestricted)
    vTaskStartScheduler                      0x080046c9   Thumb Code   112  tasks.o(i.vTaskStartScheduler)
    vTaskSuspendAll                          0x08004781   Thumb Code    12  tasks.o(i.vTaskSuspendAll)
    vTaskSwitchContext                       0x08004791   Thumb Code   110  tasks.o(i.vTaskSwitchContext)
    xPortStartScheduler                      0x0800483d   Thumb Code   240  port.o(i.xPortStartScheduler)
    xPortSysTickHandler                      0x08004969   Thumb Code    46  port.o(i.xPortSysTickHandler)
    xQueueGenericCreate                      0x0800499d   Thumb Code    92  queue.o(i.xQueueGenericCreate)
    xQueueGenericReset                       0x08004a21   Thumb Code   194  queue.o(i.xQueueGenericReset)
    xQueueReceive                            0x08004b11   Thumb Code   326  queue.o(i.xQueueReceive)
    xTaskCheckForTimeOut                     0x08004c85   Thumb Code   116  tasks.o(i.xTaskCheckForTimeOut)
    xTaskCreate                              0x08004d29   Thumb Code   104  tasks.o(i.xTaskCreate)
    xTaskDelayUntil                          0x08004d91   Thumb Code   172  tasks.o(i.xTaskDelayUntil)
    xTaskGetSchedulerState                   0x08004e71   Thumb Code    24  tasks.o(i.xTaskGetSchedulerState)
    xTaskGetTickCount                        0x08004e91   Thumb Code     6  tasks.o(i.xTaskGetTickCount)
    xTaskIncrementTick                       0x08004e9d   Thumb Code   388  tasks.o(i.xTaskIncrementTick)
    xTaskPriorityDisinherit                  0x08005075   Thumb Code   206  tasks.o(i.xTaskPriorityDisinherit)
    xTaskRemoveFromEventList                 0x08005179   Thumb Code   254  tasks.o(i.xTaskRemoveFromEventList)
    xTaskResumeAll                           0x080052b9   Thumb Code   328  tasks.o(i.xTaskResumeAll)
    xTimerCreateTimerTask                    0x0800544d   Thumb Code    56  timers.o(i.xTimerCreateTimerTask)
    Region$$Table$$Base                      0x080054c0   Number         0  anon$$obj.o(Region$$Table)
    Region$$Table$$Limit                     0x080054e0   Number         0  anon$$obj.o(Region$$Table)
    SystemCoreClock                          0x20000000   Data           4  system_stm32f10x.o(.data)
    AHBPrescTable                            0x20000004   Data          16  system_stm32f10x.o(.data)
    pxCurrentTCB                             0x20000050   Data           4  tasks.o(.data)
    uxTopUsedPriority                        0x20000088   Data           4  tasks.o(.data)
    __stdout                                 0x200000ac   Data           4  usart.o(.data)
    USART_RX_STA                             0x200000b0   Data           2  usart.o(.data)
    Flag_Stop                                0x200000b4   Data           1  config.o(.data)
    Move_X                                   0x200000b8   Data           4  config.o(.data)
    Move_Y                                   0x200000bc   Data           4  config.o(.data)
    Move_Z                                   0x200000c0   Data           4  config.o(.data)
    Velocity_KP                              0x200000c4   Data           4  config.o(.data)
    Velocity_KI                              0x200000c8   Data           4  config.o(.data)
    Encoder_precision                        0x200000cc   Data           4  config.o(.data)
    Wheel_perimeter                          0x200000d0   Data           4  config.o(.data)
    Omni_radiaus                             0x200000d4   Data           4  config.o(.data)
    Time_count                               0x200000d8   Data           4  control.o(.data)
    Voltage                                  0x20000104   Data           4  adc.o(.data)
    Flag_Mpu6050                             0x20000108   Data           4  mpu6050.o(.data)
    Deviation_Count                          0x2000010c   Data           4  mpu6050.o(.data)
    gyro                                     0x20000110   Data           6  mpu6050.o(.data)
    accel                                    0x20000116   Data           6  mpu6050.o(.data)
    Deviation_gyro                           0x2000011c   Data           6  mpu6050.o(.data)
    Original_gyro                            0x20000122   Data           6  mpu6050.o(.data)
    StartTask_Handler                        0x2000012c   Data           4  main.o(.data)
    xQueueRegistry                           0x20005134   Data          64  queue.o(.bss)
    MOTOR_A                                  0x20005480   Data          20  config.o(.bss)
    MOTOR_B                                  0x20005494   Data          20  config.o(.bss)
    MOTOR_C                                  0x200054a8   Data          20  config.o(.bss)
    Send_Data                                0x200054bc   Data          48  usartx.o(.bss)
    Receive_Data                             0x200054ec   Data          32  usartx.o(.bss)
    Robot_Parament                           0x2000550c   Data          16  robot_init.o(.bss)
    __initial_sp                             0x20005920   Data           0  startup_stm32f10x_md.o(STACK)



==============================================================================

Memory Map of the image

  Image Entry point : 0x080000ed

  Load Region LR_IROM1 (Base: 0x08000000, Size: 0x00005614, Max: 0x00040000, ABSOLUTE, COMPRESSED[0x00005510])

    Execution Region ER_IROM1 (Exec base: 0x08000000, Load base: 0x08000000, Size: 0x000054e0, Max: 0x00040000, ABSOLUTE)

    Exec Addr    Load Addr    Size         Type   Attr      Idx    E Section Name        Object

    0x08000000   0x08000000   0x000000ec   Data   RO            3    RESET               startup_stm32f10x_md.o
    0x080000ec   0x080000ec   0x00000000   Code   RO         5066  * .ARM.Collect$$$$00000000  mc_w.l(entry.o)
    0x080000ec   0x080000ec   0x00000004   Code   RO         5370    .ARM.Collect$$$$00000001  mc_w.l(entry2.o)
    0x080000f0   0x080000f0   0x00000004   Code   RO         5373    .ARM.Collect$$$$00000004  mc_w.l(entry5.o)
    0x080000f4   0x080000f4   0x00000000   Code   RO         5375    .ARM.Collect$$$$00000008  mc_w.l(entry7b.o)
    0x080000f4   0x080000f4   0x00000000   Code   RO         5377    .ARM.Collect$$$$0000000A  mc_w.l(entry8b.o)
    0x080000f4   0x080000f4   0x00000008   Code   RO         5378    .ARM.Collect$$$$0000000B  mc_w.l(entry9a.o)
    0x080000fc   0x080000fc   0x00000000   Code   RO         5380    .ARM.Collect$$$$0000000D  mc_w.l(entry10a.o)
    0x080000fc   0x080000fc   0x00000000   Code   RO         5382    .ARM.Collect$$$$0000000F  mc_w.l(entry11a.o)
    0x080000fc   0x080000fc   0x00000004   Code   RO         5371    .ARM.Collect$$$$00002712  mc_w.l(entry2.o)
    0x08000100   0x08000100   0x00000096   Code   RO         3304    .emb_text           port.o
    0x08000196   0x08000196   0x00000002   PAD
    0x08000198   0x08000198   0x00000024   Code   RO            4    .text               startup_stm32f10x_md.o
    0x080001bc   0x080001bc   0x00000024   Code   RO         5069    .text               mc_w.l(memcpya.o)
    0x080001e0   0x080001e0   0x00000024   Code   RO         5071    .text               mc_w.l(memseta.o)
    0x08000204   0x08000204   0x000000b0   Code   RO         5340    .text               mf_w.l(fadd.o)
    0x080002b4   0x080002b4   0x00000064   Code   RO         5342    .text               mf_w.l(fmul.o)
    0x08000318   0x08000318   0x0000007c   Code   RO         5344    .text               mf_w.l(fdiv.o)
    0x08000394   0x08000394   0x0000014e   Code   RO         5346    .text               mf_w.l(dadd.o)
    0x080004e2   0x080004e2   0x000000e4   Code   RO         5348    .text               mf_w.l(dmul.o)
    0x080005c6   0x080005c6   0x000000de   Code   RO         5350    .text               mf_w.l(ddiv.o)
    0x080006a4   0x080006a4   0x00000012   Code   RO         5352    .text               mf_w.l(fflti.o)
    0x080006b6   0x080006b6   0x00000022   Code   RO         5356    .text               mf_w.l(dflti.o)
    0x080006d8   0x080006d8   0x00000032   Code   RO         5358    .text               mf_w.l(ffixi.o)
    0x0800070a   0x0800070a   0x0000003e   Code   RO         5360    .text               mf_w.l(dfixi.o)
    0x08000748   0x08000748   0x00000026   Code   RO         5362    .text               mf_w.l(f2d.o)
    0x0800076e   0x0800076e   0x00000038   Code   RO         5364    .text               mf_w.l(d2f.o)
    0x080007a6   0x080007a6   0x00000002   PAD
    0x080007a8   0x080007a8   0x00000014   Code   RO         5366    .text               mf_w.l(cfcmple.o)
    0x080007bc   0x080007bc   0x00000014   Code   RO         5368    .text               mf_w.l(cfrcmple.o)
    0x080007d0   0x080007d0   0x0000002c   Code   RO         5384    .text               mc_w.l(uidiv.o)
    0x080007fc   0x080007fc   0x0000001e   Code   RO         5388    .text               mc_w.l(llshl.o)
    0x0800081a   0x0800081a   0x00000020   Code   RO         5390    .text               mc_w.l(llushr.o)
    0x0800083a   0x0800083a   0x00000024   Code   RO         5392    .text               mc_w.l(llsshr.o)
    0x0800085e   0x0800085e   0x00000000   Code   RO         5401    .text               mc_w.l(iusefp.o)
    0x0800085e   0x0800085e   0x0000006e   Code   RO         5402    .text               mf_w.l(fepilogue.o)
    0x080008cc   0x080008cc   0x000000ba   Code   RO         5404    .text               mf_w.l(depilogue.o)
    0x08000986   0x08000986   0x000000a2   Code   RO         5406    .text               mf_w.l(dsqrt.o)
    0x08000a28   0x08000a28   0x00000024   Code   RO         5414    .text               mc_w.l(init.o)
    0x08000a4c   0x08000a4c   0x00000056   Code   RO         5424    .text               mc_w.l(__dczerorl2.o)
    0x08000aa2   0x08000aa2   0x00000016   Code   RO          202    i.ADC_Cmd           stm32f10x_adc.o
    0x08000ab8   0x08000ab8   0x0000005c   Code   RO          204    i.ADC_DeInit        stm32f10x_adc.o
    0x08000b14   0x08000b14   0x00000014   Code   RO          210    i.ADC_GetCalibrationStatus  stm32f10x_adc.o
    0x08000b28   0x08000b28   0x00000014   Code   RO          216    i.ADC_GetResetCalibrationStatus  stm32f10x_adc.o
    0x08000b3c   0x08000b3c   0x00000050   Code   RO          220    i.ADC_Init          stm32f10x_adc.o
    0x08000b8c   0x08000b8c   0x0000000a   Code   RO          225    i.ADC_ResetCalibration  stm32f10x_adc.o
    0x08000b96   0x08000b96   0x0000000a   Code   RO          229    i.ADC_StartCalibration  stm32f10x_adc.o
    0x08000ba0   0x08000ba0   0x0000008c   Code   RO         4651    i.Adc_Init          adc.o
    0x08000c2c   0x08000c2c   0x00000004   Code   RO         5013    i.BusFault_Handler  stm32f10x_it.o
    0x08000c30   0x08000c30   0x0000003c   Code   RO         4912    i.Check_Sum         usartx.o
    0x08000c6c   0x08000c6c   0x000000cc   Code   RO         4569    i.Control_task      control.o
    0x08000d38   0x08000d38   0x00000002   Code   RO         5014    i.DebugMon_Handler  stm32f10x_it.o
    0x08000d3a   0x08000d3a   0x00000002   PAD
    0x08000d3c   0x08000d3c   0x00000180   Code   RO         4570    i.Drive_Motor       control.o
    0x08000ebc   0x08000ebc   0x000000c0   Code   RO         4687    i.Encoder_Init_Tim1  encoder.o
    0x08000f7c   0x08000f7c   0x000000a0   Code   RO         4688    i.Encoder_Init_Tim2  encoder.o
    0x0800101c   0x0800101c   0x000000b4   Code   RO         4689    i.Encoder_Init_Tim4  encoder.o
    0x080010d0   0x080010d0   0x00000116   Code   RO         1347    i.GPIO_Init         stm32f10x_gpio.o
    0x080011e6   0x080011e6   0x00000002   PAD
    0x080011e8   0x080011e8   0x00000090   Code   RO         1349    i.GPIO_PinRemapConfig  stm32f10x_gpio.o
    0x08001278   0x08001278   0x00000004   Code   RO         1354    i.GPIO_ResetBits    stm32f10x_gpio.o
    0x0800127c   0x0800127c   0x00000004   Code   RO         1355    i.GPIO_SetBits      stm32f10x_gpio.o
    0x08001280   0x08001280   0x000000b0   Code   RO         4571    i.Get_Velocity_Form_Encoder  control.o
    0x08001330   0x08001330   0x00000004   Code   RO         5015    i.HardFault_Handler  stm32f10x_it.o
    0x08001334   0x08001334   0x00000050   Code   RO         4750    i.IIC_Ack           ioi2c.o
    0x08001384   0x08001384   0x0000002c   Code   RO         4751    i.IIC_Init          ioi2c.o
    0x080013b0   0x080013b0   0x00000050   Code   RO         4752    i.IIC_NAck          ioi2c.o
    0x08001400   0x08001400   0x00000070   Code   RO         4753    i.IIC_Read_Byte     ioi2c.o
    0x08001470   0x08001470   0x00000068   Code   RO         4754    i.IIC_Send_Byte     ioi2c.o
    0x080014d8   0x080014d8   0x0000004c   Code   RO         4755    i.IIC_Start         ioi2c.o
    0x08001524   0x08001524   0x0000004c   Code   RO         4756    i.IIC_Stop          ioi2c.o
    0x08001570   0x08001570   0x00000064   Code   RO         4757    i.IIC_Wait_Ack      ioi2c.o
    0x080015d4   0x080015d4   0x000000a8   Code   RO         4572    i.Incremental_PI_A  control.o
    0x0800167c   0x0800167c   0x000000a8   Code   RO         4573    i.Incremental_PI_B  control.o
    0x08001724   0x08001724   0x000000a8   Code   RO         4574    i.Incremental_PI_C  control.o
    0x080017cc   0x080017cc   0x00000048   Code   RO         4828    i.MPU6050_Get_Accelerometer  mpu6050.o
    0x08001814   0x08001814   0x000000dc   Code   RO         4829    i.MPU6050_Get_Gyroscope  mpu6050.o
    0x080018f0   0x080018f0   0x00000076   Code   RO         4830    i.MPU6050_Init      mpu6050.o
    0x08001966   0x08001966   0x0000003a   Code   RO         4831    i.MPU6050_Read_Byte  mpu6050.o
    0x080019a0   0x080019a0   0x00000074   Code   RO         4832    i.MPU6050_Read_Len  mpu6050.o
    0x08001a14   0x08001a14   0x00000010   Code   RO         4833    i.MPU6050_Set_Accel_Fsr  mpu6050.o
    0x08001a24   0x08001a24   0x00000010   Code   RO         4834    i.MPU6050_Set_Gyro_Fsr  mpu6050.o
    0x08001a34   0x08001a34   0x0000003a   Code   RO         4835    i.MPU6050_Set_LPF   mpu6050.o
    0x08001a6e   0x08001a6e   0x0000003a   Code   RO         4836    i.MPU6050_Set_Rate  mpu6050.o
    0x08001aa8   0x08001aa8   0x00000044   Code   RO         4837    i.MPU6050_Write_Byte  mpu6050.o
    0x08001aec   0x08001aec   0x00000054   Code   RO         4839    i.MPU6050_task      mpu6050.o
    0x08001b40   0x08001b40   0x00000004   Code   RO         5016    i.MemManage_Handler  stm32f10x_it.o
    0x08001b44   0x08001b44   0x0000002c   Code   RO         4807    i.Motor_Init        motor.o
    0x08001b70   0x08001b70   0x00000002   Code   RO         5017    i.NMI_Handler       stm32f10x_it.o
    0x08001b72   0x08001b72   0x00000002   PAD
    0x08001b74   0x08001b74   0x00000070   Code   RO          137    i.NVIC_Init         misc.o
    0x08001be4   0x08001be4   0x00000014   Code   RO          138    i.NVIC_PriorityGroupConfig  misc.o
    0x08001bf8   0x08001bf8   0x000000c4   Code   RO         4808    i.PWM_Init          motor.o
    0x08001cbc   0x08001cbc   0x00000018   Code   RO         1773    i.RCC_ADCCLKConfig  stm32f10x_rcc.o
    0x08001cd4   0x08001cd4   0x00000020   Code   RO         1775    i.RCC_APB1PeriphClockCmd  stm32f10x_rcc.o
    0x08001cf4   0x08001cf4   0x00000020   Code   RO         1776    i.RCC_APB1PeriphResetCmd  stm32f10x_rcc.o
    0x08001d14   0x08001d14   0x00000020   Code   RO         1777    i.RCC_APB2PeriphClockCmd  stm32f10x_rcc.o
    0x08001d34   0x08001d34   0x00000020   Code   RO         1778    i.RCC_APB2PeriphResetCmd  stm32f10x_rcc.o
    0x08001d54   0x08001d54   0x000000d4   Code   RO         1785    i.RCC_GetClocksFreq  stm32f10x_rcc.o
    0x08001e28   0x08001e28   0x0000001c   Code   RO         4690    i.Read_Encoder_TIM1  encoder.o
    0x08001e44   0x08001e44   0x0000001c   Code   RO         4691    i.Read_Encoder_TIM2  encoder.o
    0x08001e60   0x08001e60   0x0000001c   Code   RO         4692    i.Read_Encoder_TIM4  encoder.o
    0x08001e7c   0x08001e7c   0x0000005c   Code   RO         4974    i.Robot_Init        robot_init.o
    0x08001ed8   0x08001ed8   0x000000cc   Code   RO         4575    i.SetPWM            control.o
    0x08001fa4   0x08001fa4   0x00000008   Code   RO           24    i.SetSysClock       system_stm32f10x.o
    0x08001fac   0x08001fac   0x000000e0   Code   RO           25    i.SetSysClockTo72   system_stm32f10x.o
    0x0800208c   0x0800208c   0x00000028   Code   RO          141    i.SysTick_CLKSourceConfig  misc.o
    0x080020b4   0x080020b4   0x00000020   Code   RO         4352    i.SysTick_Handler   delay.o
    0x080020d4   0x080020d4   0x00000060   Code   RO           27    i.SystemInit        system_stm32f10x.o
    0x08002134   0x08002134   0x00000080   Code   RO         2405    i.TI1_Config        stm32f10x_tim.o
    0x080021b4   0x080021b4   0x00000098   Code   RO         2406    i.TI2_Config        stm32f10x_tim.o
    0x0800224c   0x0800224c   0x00000090   Code   RO         2407    i.TI3_Config        stm32f10x_tim.o
    0x080022dc   0x080022dc   0x00000098   Code   RO         2408    i.TI4_Config        stm32f10x_tim.o
    0x08002374   0x08002374   0x00000018   Code   RO         4693    i.TIM1_UP_IRQHandler  encoder.o
    0x0800238c   0x0800238c   0x00000018   Code   RO         4694    i.TIM2_IRQHandler   encoder.o
    0x080023a4   0x080023a4   0x00000018   Code   RO         4695    i.TIM4_IRQHandler   encoder.o
    0x080023bc   0x080023bc   0x00000018   Code   RO         2409    i.TIM_ARRPreloadConfig  stm32f10x_tim.o
    0x080023d4   0x080023d4   0x00000006   Code   RO         2415    i.TIM_ClearFlag     stm32f10x_tim.o
    0x080023da   0x080023da   0x00000018   Code   RO         2421    i.TIM_Cmd           stm32f10x_tim.o
    0x080023f2   0x080023f2   0x0000001e   Code   RO         2423    i.TIM_CtrlPWMOutputs  stm32f10x_tim.o
    0x08002410   0x08002410   0x000001e8   Code   RO         2426    i.TIM_DeInit        stm32f10x_tim.o
    0x080025f8   0x080025f8   0x00000042   Code   RO         2430    i.TIM_EncoderInterfaceConfig  stm32f10x_tim.o
    0x0800263a   0x0800263a   0x00000002   PAD
    0x0800263c   0x0800263c   0x000000ac   Code   RO         2444    i.TIM_ICInit        stm32f10x_tim.o
    0x080026e8   0x080026e8   0x00000012   Code   RO         2445    i.TIM_ICStructInit  stm32f10x_tim.o
    0x080026fa   0x080026fa   0x00000012   Code   RO         2446    i.TIM_ITConfig      stm32f10x_tim.o
    0x0800270c   0x0800270c   0x000000a4   Code   RO         2455    i.TIM_OC2Init       stm32f10x_tim.o
    0x080027b0   0x080027b0   0x0000001a   Code   RO         2458    i.TIM_OC2PreloadConfig  stm32f10x_tim.o
    0x080027ca   0x080027ca   0x00000002   PAD
    0x080027cc   0x080027cc   0x000000a0   Code   RO         2460    i.TIM_OC3Init       stm32f10x_tim.o
    0x0800286c   0x0800286c   0x00000012   Code   RO         2463    i.TIM_OC3PreloadConfig  stm32f10x_tim.o
    0x0800287e   0x0800287e   0x00000002   PAD
    0x08002880   0x08002880   0x0000007c   Code   RO         2465    i.TIM_OC4Init       stm32f10x_tim.o
    0x080028fc   0x080028fc   0x0000001a   Code   RO         2467    i.TIM_OC4PreloadConfig  stm32f10x_tim.o
    0x08002916   0x08002916   0x00000004   Code   RO         2483    i.TIM_SetCompare2   stm32f10x_tim.o
    0x0800291a   0x0800291a   0x00000004   Code   RO         2484    i.TIM_SetCompare3   stm32f10x_tim.o
    0x0800291e   0x0800291e   0x00000006   Code   RO         2485    i.TIM_SetCompare4   stm32f10x_tim.o
    0x08002924   0x08002924   0x00000004   Code   RO         2486    i.TIM_SetCounter    stm32f10x_tim.o
    0x08002928   0x08002928   0x00000012   Code   RO         2487    i.TIM_SetIC1Prescaler  stm32f10x_tim.o
    0x0800293a   0x0800293a   0x0000001a   Code   RO         2488    i.TIM_SetIC2Prescaler  stm32f10x_tim.o
    0x08002954   0x08002954   0x00000012   Code   RO         2489    i.TIM_SetIC3Prescaler  stm32f10x_tim.o
    0x08002966   0x08002966   0x0000001a   Code   RO         2490    i.TIM_SetIC4Prescaler  stm32f10x_tim.o
    0x08002980   0x08002980   0x000000a4   Code   RO         2492    i.TIM_TimeBaseInit  stm32f10x_tim.o
    0x08002a24   0x08002a24   0x00000012   Code   RO         2493    i.TIM_TimeBaseStructInit  stm32f10x_tim.o
    0x08002a36   0x08002a36   0x00000002   PAD
    0x08002a38   0x08002a38   0x000000c0   Code   RO         4913    i.USART1_IRQHandler  usartx.o
    0x08002af8   0x08002af8   0x00000020   Code   RO         4914    i.USART1_SEND       usartx.o
    0x08002b18   0x08002b18   0x00000018   Code   RO         2960    i.USART_Cmd         stm32f10x_usart.o
    0x08002b30   0x08002b30   0x00000054   Code   RO         2964    i.USART_GetITStatus  stm32f10x_usart.o
    0x08002b84   0x08002b84   0x0000004a   Code   RO         2966    i.USART_ITConfig    stm32f10x_usart.o
    0x08002bce   0x08002bce   0x00000002   PAD
    0x08002bd0   0x08002bd0   0x000000d8   Code   RO         2967    i.USART_Init        stm32f10x_usart.o
    0x08002ca8   0x08002ca8   0x0000000a   Code   RO         2974    i.USART_ReceiveData  stm32f10x_usart.o
    0x08002cb2   0x08002cb2   0x00000004   Code   RO         5018    i.UsageFault_Handler  stm32f10x_it.o
    0x08002cb6   0x08002cb6   0x00000002   PAD
    0x08002cb8   0x08002cb8   0x00000060   Code   RO         4915    i.XYZ_Target_Speed_transition  usartx.o
    0x08002d18   0x08002d18   0x00000020   Code   RO         5168    i.__0printf$3       mc_w.l(printf3.o)
    0x08002d38   0x08002d38   0x0000000e   Code   RO         5418    i.__scatterload_copy  mc_w.l(handlers.o)
    0x08002d46   0x08002d46   0x00000002   Code   RO         5419    i.__scatterload_null  mc_w.l(handlers.o)
    0x08002d48   0x08002d48   0x0000000e   Code   RO         5420    i.__scatterload_zeroinit  mc_w.l(handlers.o)
    0x08002d56   0x08002d56   0x00000002   PAD
    0x08002d58   0x08002d58   0x0000000c   Code   RO         5396    i.__set_errno       mc_w.l(errno.o)
    0x08002d64   0x08002d64   0x000001b8   Code   RO         5175    i._printf_core      mc_w.l(printf3.o)
    0x08002f1c   0x08002f1c   0x00000020   Code   RO         4916    i.data_task         usartx.o
    0x08002f3c   0x08002f3c   0x0000023c   Code   RO         4917    i.data_transition   usartx.o
    0x08003178   0x08003178   0x0000005c   Code   RO         4353    i.delay_init        delay.o
    0x080031d4   0x080031d4   0x00000040   Code   RO         4354    i.delay_ms          delay.o
    0x08003214   0x08003214   0x00000048   Code   RO         4355    i.delay_us          delay.o
    0x0800325c   0x0800325c   0x0000001c   Code   RO         4431    i.fputc             usart.o
    0x08003278   0x08003278   0x0000001c   Code   RO         4357    i.getSysTickCnt     delay.o
    0x08003294   0x08003294   0x00000038   Code   RO         4992    i.main              main.o
    0x080032cc   0x080032cc   0x0000000e   Code   RO         4577    i.myabs             control.o
    0x080032da   0x080032da   0x00000002   PAD
    0x080032dc   0x080032dc   0x000000c0   Code   RO         3797    i.prvAddCurrentTaskToDelayedList  tasks.o
    0x0800339c   0x0800339c   0x000000ec   Code   RO         3798    i.prvAddNewTaskToReadyList  tasks.o
    0x08003488   0x08003488   0x00000064   Code   RO         4181    i.prvCheckForValidListAndQueue  timers.o
    0x080034ec   0x080034ec   0x00000048   Code   RO         3799    i.prvCheckTasksWaitingTermination  tasks.o
    0x08003534   0x08003534   0x0000002a   Code   RO         3547    i.prvCopyDataFromQueue  queue.o
    0x0800355e   0x0800355e   0x0000007e   Code   RO         3548    i.prvCopyDataToQueue  queue.o
    0x080035dc   0x080035dc   0x00000012   Code   RO         3800    i.prvDeleteTCB      tasks.o
    0x080035ee   0x080035ee   0x00000002   PAD
    0x080035f0   0x080035f0   0x00000028   Code   RO         4182    i.prvGetNextExpireTime  timers.o
    0x08003618   0x08003618   0x00000070   Code   RO         3196    i.prvHeapInit       heap_4.o
    0x08003688   0x08003688   0x00000028   Code   RO         3801    i.prvIdleTask       tasks.o
    0x080036b0   0x080036b0   0x0000002e   Code   RO         3551    i.prvInitialiseNewQueue  queue.o
    0x080036de   0x080036de   0x00000002   PAD
    0x080036e0   0x080036e0   0x000000e0   Code   RO         3802    i.prvInitialiseNewTask  tasks.o
    0x080037c0   0x080037c0   0x00000068   Code   RO         3803    i.prvInitialiseTaskLists  tasks.o
    0x08003828   0x08003828   0x00000068   Code   RO         3197    i.prvInsertBlockIntoFreeList  heap_4.o
    0x08003890   0x08003890   0x00000058   Code   RO         4184    i.prvInsertTimerInActiveList  timers.o
    0x080038e8   0x080038e8   0x0000001a   Code   RO         3552    i.prvIsQueueEmpty   queue.o
    0x08003902   0x08003902   0x00000002   PAD
    0x08003904   0x08003904   0x000000c4   Code   RO         3554    i.prvNotifyQueueSetContainer  queue.o
    0x080039c8   0x080039c8   0x00000044   Code   RO         4185    i.prvProcessExpiredTimer  timers.o
    0x08003a0c   0x08003a0c   0x00000160   Code   RO         4186    i.prvProcessReceivedCommands  timers.o
    0x08003b6c   0x08003b6c   0x00000074   Code   RO         4187    i.prvProcessTimerOrBlockTask  timers.o
    0x08003be0   0x08003be0   0x00000028   Code   RO         4188    i.prvReloadTimer    timers.o
    0x08003c08   0x08003c08   0x00000030   Code   RO         3805    i.prvResetNextTaskUnblockTime  tasks.o
    0x08003c38   0x08003c38   0x0000002c   Code   RO         4189    i.prvSampleTimeNow  timers.o
    0x08003c64   0x08003c64   0x00000044   Code   RO         4190    i.prvSwitchTimerLists  timers.o
    0x08003ca8   0x08003ca8   0x0000005c   Code   RO         3305    i.prvTaskExitError  port.o
    0x08003d04   0x08003d04   0x0000001a   Code   RO         4191    i.prvTimerTask      timers.o
    0x08003d1e   0x08003d1e   0x00000090   Code   RO         3555    i.prvUnlockQueue    queue.o
    0x08003dae   0x08003dae   0x00000002   PAD
    0x08003db0   0x08003db0   0x00000140   Code   RO         3199    i.pvPortMalloc      heap_4.o
    0x08003ef0   0x08003ef0   0x00000024   Code   RO         3306    i.pxPortInitialiseStack  port.o
    0x08003f14   0x08003f14   0x0000004c   Code   RO         5059    i.sqrt              m_ws.l(sqrt.o)
    0x08003f60   0x08003f60   0x00000090   Code   RO         4993    i.start_task        main.o
    0x08003ff0   0x08003ff0   0x0000005c   Code   RO         4474    i.systemInit        config.o
    0x0800404c   0x0800404c   0x00000028   Code   RO         4578    i.target_limit_float  control.o
    0x08004074   0x08004074   0x000000a8   Code   RO         4918    i.uart1_init        usartx.o
    0x0800411c   0x0800411c   0x0000001c   Code   RO         4919    i.usart1_send       usartx.o
    0x08004138   0x08004138   0x00000028   Code   RO         3510    i.uxListRemove      list.o
    0x08004160   0x08004160   0x0000000c   Code   RO         3812    i.uxTaskGetNumberOfTasks  tasks.o
    0x0800416c   0x0800416c   0x0000001a   Code   RO         3511    i.vListInitialise   list.o
    0x08004186   0x08004186   0x00000006   Code   RO         3512    i.vListInitialiseItem  list.o
    0x0800418c   0x0800418c   0x00000034   Code   RO         3513    i.vListInsert       list.o
    0x080041c0   0x080041c0   0x00000018   Code   RO         3514    i.vListInsertEnd    list.o
    0x080041d8   0x080041d8   0x00000074   Code   RO         3308    i.vPortEnterCritical  port.o
    0x0800424c   0x0800424c   0x0000005c   Code   RO         3309    i.vPortExitCritical  port.o
    0x080042a8   0x080042a8   0x000000a0   Code   RO         3200    i.vPortFree         heap_4.o
    0x08004348   0x08004348   0x00000028   Code   RO         3310    i.vPortSetupTimerInterrupt  port.o
    0x08004370   0x08004370   0x00000080   Code   RO         3561    i.vQueueAddToRegistry  queue.o
    0x080043f0   0x080043f0   0x0000004a   Code   RO         3565    i.vQueueWaitForMessageRestricted  queue.o
    0x0800443a   0x0800443a   0x00000002   PAD
    0x0800443c   0x0800443c   0x00000078   Code   RO         3818    i.vTaskDelay        tasks.o
    0x080044b4   0x080044b4   0x00000118   Code   RO         3819    i.vTaskDelete       tasks.o
    0x080045cc   0x080045cc   0x00000018   Code   RO         3823    i.vTaskInternalSetTimeOutState  tasks.o
    0x080045e4   0x080045e4   0x0000000c   Code   RO         3825    i.vTaskMissedYield  tasks.o
    0x080045f0   0x080045f0   0x00000058   Code   RO         3826    i.vTaskPlaceOnEventList  tasks.o
    0x08004648   0x08004648   0x00000080   Code   RO         3827    i.vTaskPlaceOnEventListRestricted  tasks.o
    0x080046c8   0x080046c8   0x000000b8   Code   RO         3835    i.vTaskStartScheduler  tasks.o
    0x08004780   0x08004780   0x00000010   Code   RO         3837    i.vTaskSuspendAll   tasks.o
    0x08004790   0x08004790   0x000000ac   Code   RO         3838    i.vTaskSwitchContext  tasks.o
    0x0800483c   0x0800483c   0x0000012c   Code   RO         3312    i.xPortStartScheduler  port.o
    0x08004968   0x08004968   0x00000034   Code   RO         3313    i.xPortSysTickHandler  port.o
    0x0800499c   0x0800499c   0x00000084   Code   RO         3570    i.xQueueGenericCreate  queue.o
    0x08004a20   0x08004a20   0x000000f0   Code   RO         3571    i.xQueueGenericReset  queue.o
    0x08004b10   0x08004b10   0x00000174   Code   RO         3580    i.xQueueReceive     queue.o
    0x08004c84   0x08004c84   0x000000a4   Code   RO         3840    i.xTaskCheckForTimeOut  tasks.o
    0x08004d28   0x08004d28   0x00000068   Code   RO         3841    i.xTaskCreate       tasks.o
    0x08004d90   0x08004d90   0x000000e0   Code   RO         3842    i.xTaskDelayUntil   tasks.o
    0x08004e70   0x08004e70   0x00000020   Code   RO         3848    i.xTaskGetSchedulerState  tasks.o
    0x08004e90   0x08004e90   0x0000000c   Code   RO         3849    i.xTaskGetTickCount  tasks.o
    0x08004e9c   0x08004e9c   0x000001d8   Code   RO         3851    i.xTaskIncrementTick  tasks.o
    0x08005074   0x08005074   0x00000104   Code   RO         3852    i.xTaskPriorityDisinherit  tasks.o
    0x08005178   0x08005178   0x00000140   Code   RO         3854    i.xTaskRemoveFromEventList  tasks.o
    0x080052b8   0x080052b8   0x00000194   Code   RO         3855    i.xTaskResumeAll    tasks.o
    0x0800544c   0x0800544c   0x00000074   Code   RO         4199    i.xTimerCreateTimerTask  timers.o
    0x080054c0   0x080054c0   0x00000020   Data   RO         5416    Region$$Table       anon$$obj.o


    Execution Region RW_IRAM1 (Exec base: 0x20000000, Load base: 0x080054e0, Size: 0x00005920, Max: 0x0000c000, ABSOLUTE, COMPRESSED[0x00000030])

    Exec Addr    Load Addr    Size         Type   Attr      Idx    E Section Name        Object

    0x20000000   COMPRESSED   0x00000014   Data   RW           28    .data               system_stm32f10x.o
    0x20000014   COMPRESSED   0x00000014   Data   RW         1805    .data               stm32f10x_rcc.o
    0x20000028   COMPRESSED   0x0000001c   Data   RW         3206    .data               heap_4.o
    0x20000044   COMPRESSED   0x0000000c   Data   RW         3314    .data               port.o
    0x20000050   COMPRESSED   0x00000040   Data   RW         3858    .data               tasks.o
    0x20000090   COMPRESSED   0x00000014   Data   RW         4209    .data               timers.o
    0x200000a4   COMPRESSED   0x00000008   Data   RW         4358    .data               delay.o
    0x200000ac   COMPRESSED   0x00000006   Data   RW         4434    .data               usart.o
    0x200000b2   COMPRESSED   0x00000002   PAD
    0x200000b4   COMPRESSED   0x00000024   Data   RW         4476    .data               config.o
    0x200000d8   COMPRESSED   0x0000002c   Data   RW         4580    .data               control.o
    0x20000104   COMPRESSED   0x00000004   Data   RW         4655    .data               adc.o
    0x20000108   COMPRESSED   0x00000020   Data   RW         4840    .data               mpu6050.o
    0x20000128   COMPRESSED   0x00000001   Data   RW         4921    .data               usartx.o
    0x20000129   COMPRESSED   0x00000003   PAD
    0x2000012c   COMPRESSED   0x00000004   Data   RW         4994    .data               main.o
    0x20000130   COMPRESSED   0x00000004   Data   RW         5397    .data               mc_w.l(errno.o)
    0x20000134        -       0x00005000   Zero   RW         3205    .bss                heap_4.o
    0x20005134        -       0x00000040   Zero   RW         3587    .bss                queue.o
    0x20005174        -       0x000002e4   Zero   RW         3857    .bss                tasks.o
    0x20005458        -       0x00000028   Zero   RW         4208    .bss                timers.o
    0x20005480        -       0x0000003c   Zero   RW         4475    .bss                config.o
    0x200054bc        -       0x00000050   Zero   RW         4920    .bss                usartx.o
    0x2000550c        -       0x00000010   Zero   RW         4975    .bss                robot_init.o
    0x2000551c   COMPRESSED   0x00000004   PAD
    0x20005520        -       0x00000400   Zero   RW            1    STACK               startup_stm32f10x_md.o


==============================================================================

Image component sizes


      Code (inc. data)   RO Data    RW Data    ZI Data      Debug   Object Name

       140          8          0          4          0        777   adc.o
        92         14          0         36         60      11661   config.o
      1526        178          0         44          0       8593   control.o
         0          0          0          0          0       4508   core_cm3.o
       288         36          0          8          0       2681   delay.o
       688         46          0          0          0       4649   encoder.o
         0          0          0          0          0      12000   event_groups.o
       696        140          0         28      20480      20951   heap_4.o
       672        100          0          0          0       3966   ioi2c.o
       148          0          0          0          0       2970   list.o
       200         82          0          4          0       1124   main.o
       172         22          0          0          0     215513   misc.o
       240         16          0          0          0       1188   motor.o
       884         32          0         32          0       7449   mpu6050.o
       878        224          0         12          0       8972   port.o
      1526        218          0          0         64      12555   queue.o
        92         22          0          0         16        910   robot_init.o
        36          8        236          0       1024        796   startup_stm32f10x_md.o
       254         24          0          0          0      16179   stm32f10x_adc.o
       430          6          0          0          0      11886   stm32f10x_gpio.o
        20          0          0          0          0       2393   stm32f10x_it.o
       364         50          0         20          0      14383   stm32f10x_rcc.o
      2228        244          0          0          0      37289   stm32f10x_tim.o
       408          6          0          0          0      10650   stm32f10x_usart.o
       328         28          0         20          0      45329   system_stm32f10x.o
      3962        930          0         64        740      32945   tasks.o
      1058        190          0         20         40      12624   timers.o
        28          4          0          6          0       2296   usart.o
      1180        120          0          1         80       4886   usartx.o

    ----------------------------------------------------------------------
     18570       2748        268        304      22508     512123   Object Totals
         0          0         32          0          0          0   (incl. Generated)
        32          0          0          5          4          0   (incl. Padding)

    ----------------------------------------------------------------------

      Code (inc. data)   RO Data    RW Data    ZI Data      Debug   Library Member Name

        76          0          0          0          0         84   sqrt.o
        86          0          0          0          0          0   __dczerorl2.o
         0          0          0          0          0          0   entry.o
         0          0          0          0          0          0   entry10a.o
         0          0          0          0          0          0   entry11a.o
         8          4          0          0          0          0   entry2.o
         4          0          0          0          0          0   entry5.o
         0          0          0          0          0          0   entry7b.o
         0          0          0          0          0          0   entry8b.o
         8          4          0          0          0          0   entry9a.o
        12          6          0          4          0         68   errno.o
        30          0          0          0          0          0   handlers.o
        36          8          0          0          0         68   init.o
         0          0          0          0          0          0   iusefp.o
        30          0          0          0          0         68   llshl.o
        36          0          0          0          0         68   llsshr.o
        32          0          0          0          0         68   llushr.o
        36          0          0          0          0         68   memcpya.o
        36          0          0          0          0        108   memseta.o
       472         14          0          0          0        184   printf3.o
        44          0          0          0          0         80   uidiv.o
        20          0          0          0          0         68   cfcmple.o
        20          0          0          0          0         68   cfrcmple.o
        56          0          0          0          0         88   d2f.o
       334          0          0          0          0        148   dadd.o
       222          0          0          0          0        100   ddiv.o
       186          0          0          0          0        176   depilogue.o
        62          0          0          0          0         80   dfixi.o
        34          0          0          0          0         76   dflti.o
       228          0          0          0          0         96   dmul.o
       162          0          0          0          0        100   dsqrt.o
        38          0          0          0          0         68   f2d.o
       176          0          0          0          0        140   fadd.o
       124          0          0          0          0         88   fdiv.o
       110          0          0          0          0        168   fepilogue.o
        50          0          0          0          0         68   ffixi.o
        18          0          0          0          0         68   fflti.o
       100          0          0          0          0         76   fmul.o

    ----------------------------------------------------------------------
      2890         36          0          4          0       2540   Library Totals
         4          0          0          0          0          0   (incl. Padding)

    ----------------------------------------------------------------------

      Code (inc. data)   RO Data    RW Data    ZI Data      Debug   Library Name

        76          0          0          0          0         84   m_ws.l
       870         36          0          4          0        780   mc_w.l
      1940          0          0          0          0       1676   mf_w.l

    ----------------------------------------------------------------------
      2890         36          0          4          0       2540   Library Totals

    ----------------------------------------------------------------------

==============================================================================


      Code (inc. data)   RO Data    RW Data    ZI Data      Debug   

     21460       2784        268        308      22508     504079   Grand Totals
     21460       2784        268         48      22508     504079   ELF Image Totals (compressed)
     21460       2784        268         48          0          0   ROM Totals

==============================================================================

    Total RO  Size (Code + RO Data)                21728 (  21.22kB)
    Total RW  Size (RW Data + ZI Data)             22816 (  22.28kB)
    Total ROM Size (Code + RO Data + RW Data)      21776 (  21.27kB)

==============================================================================

